META,version=1,fixture_root=../../../tools/direct-logic-dregg-benchmark/generated,profile=release,warmups=5,prove_samples=25,verify_samples=75,pair_order=alternating,proof_encoding=postcard,release_prover_self_verify=false,field=babybear,ext_degree=4,fri_log_blowup=6,fri_log_final_poly_len=0,fri_max_log_arity=3,fri_queries=19,fri_query_pow_bits=16,trace_rows=1
TAMPER,admission,source,public_input_0,verifier_rejected
TAMPER,admission,optimized,public_input_0,verifier_rejected
SAMPLE,admission,source,prove,0,63616375
SAMPLE,admission,optimized,prove,0,63064334
SAMPLE,admission,optimized,prove,1,34421959
SAMPLE,admission,source,prove,1,31494875
SAMPLE,admission,source,prove,2,25649250
SAMPLE,admission,optimized,prove,2,22512291
SAMPLE,admission,optimized,prove,3,31420167
SAMPLE,admission,source,prove,3,56456083
SAMPLE,admission,source,prove,4,67603667
SAMPLE,admission,optimized,prove,4,81925917
SAMPLE,admission,optimized,prove,5,223890834
SAMPLE,admission,source,prove,5,118648125
SAMPLE,admission,source,prove,6,60827791
SAMPLE,admission,optimized,prove,6,34558542
SAMPLE,admission,optimized,prove,7,27956667
SAMPLE,admission,source,prove,7,156764750
SAMPLE,admission,source,prove,8,32117250
SAMPLE,admission,optimized,prove,8,24050125
SAMPLE,admission,optimized,prove,9,30087750
SAMPLE,admission,source,prove,9,31111541
SAMPLE,admission,source,prove,10,147902125
SAMPLE,admission,optimized,prove,10,76161167
SAMPLE,admission,optimized,prove,11,88813417
SAMPLE,admission,source,prove,11,170016000
SAMPLE,admission,source,prove,12,100057458
SAMPLE,admission,optimized,prove,12,116820291
SAMPLE,admission,optimized,prove,13,85067583
SAMPLE,admission,source,prove,13,132181291
SAMPLE,admission,source,prove,14,81925916
SAMPLE,admission,optimized,prove,14,52654667
SAMPLE,admission,optimized,prove,15,39245209
SAMPLE,admission,source,prove,15,126021875
SAMPLE,admission,source,prove,16,25787541
SAMPLE,admission,optimized,prove,16,33226667
SAMPLE,admission,optimized,prove,17,25866959
SAMPLE,admission,source,prove,17,37654833
SAMPLE,admission,source,prove,18,58387625
SAMPLE,admission,optimized,prove,18,71014708
SAMPLE,admission,optimized,prove,19,35777875
SAMPLE,admission,source,prove,19,100587792
SAMPLE,admission,source,prove,20,41063000
SAMPLE,admission,optimized,prove,20,68082542
SAMPLE,admission,optimized,prove,21,23725583
SAMPLE,admission,source,prove,21,42636000
SAMPLE,admission,source,prove,22,30953708
SAMPLE,admission,optimized,prove,22,41441875
SAMPLE,admission,optimized,prove,23,43116875
SAMPLE,admission,source,prove,23,42625209
SAMPLE,admission,source,prove,24,27416584
SAMPLE,admission,optimized,prove,24,29394958
SAMPLE,admission,source,verify,0,742834
SAMPLE,admission,optimized,verify,0,1352500
SAMPLE,admission,optimized,verify,1,518750
SAMPLE,admission,source,verify,1,646000
SAMPLE,admission,source,verify,2,636834
SAMPLE,admission,optimized,verify,2,533292
SAMPLE,admission,optimized,verify,3,1855167
SAMPLE,admission,source,verify,3,680334
SAMPLE,admission,source,verify,4,667917
SAMPLE,admission,optimized,verify,4,603416
SAMPLE,admission,optimized,verify,5,869209
SAMPLE,admission,source,verify,5,1143542
SAMPLE,admission,source,verify,6,864083
SAMPLE,admission,optimized,verify,6,505459
SAMPLE,admission,optimized,verify,7,728791
SAMPLE,admission,source,verify,7,1074417
SAMPLE,admission,source,verify,8,1282458
SAMPLE,admission,optimized,verify,8,1277541
SAMPLE,admission,optimized,verify,9,2185209
SAMPLE,admission,source,verify,9,1448875
SAMPLE,admission,source,verify,10,1526292
SAMPLE,admission,optimized,verify,10,1050250
SAMPLE,admission,optimized,verify,11,1099084
SAMPLE,admission,source,verify,11,1354417
SAMPLE,admission,source,verify,12,1467125
SAMPLE,admission,optimized,verify,12,1112458
SAMPLE,admission,optimized,verify,13,683125
SAMPLE,admission,source,verify,13,943500
SAMPLE,admission,source,verify,14,949084
SAMPLE,admission,optimized,verify,14,943125
SAMPLE,admission,optimized,verify,15,602833
SAMPLE,admission,source,verify,15,834583
SAMPLE,admission,source,verify,16,890041
SAMPLE,admission,optimized,verify,16,540833
SAMPLE,admission,optimized,verify,17,555542
SAMPLE,admission,source,verify,17,1196750
SAMPLE,admission,source,verify,18,1203333
SAMPLE,admission,optimized,verify,18,510541
SAMPLE,admission,optimized,verify,19,494458
SAMPLE,admission,source,verify,19,957166
SAMPLE,admission,source,verify,20,1346500
SAMPLE,admission,optimized,verify,20,868500
SAMPLE,admission,optimized,verify,21,777125
SAMPLE,admission,source,verify,21,1194083
SAMPLE,admission,source,verify,22,652000
SAMPLE,admission,optimized,verify,22,555000
SAMPLE,admission,optimized,verify,23,828208
SAMPLE,admission,source,verify,23,762542
SAMPLE,admission,source,verify,24,711375
SAMPLE,admission,optimized,verify,24,505542
SAMPLE,admission,optimized,verify,25,498416
SAMPLE,admission,source,verify,25,851083
SAMPLE,admission,source,verify,26,1398750
SAMPLE,admission,optimized,verify,26,873166
SAMPLE,admission,optimized,verify,27,499750
SAMPLE,admission,source,verify,27,640625
SAMPLE,admission,source,verify,28,989834
SAMPLE,admission,optimized,verify,28,772167
SAMPLE,admission,optimized,verify,29,549750
SAMPLE,admission,source,verify,29,685042
SAMPLE,admission,source,verify,30,635458
SAMPLE,admission,optimized,verify,30,491666
SAMPLE,admission,optimized,verify,31,488167
SAMPLE,admission,source,verify,31,680292
SAMPLE,admission,source,verify,32,635125
SAMPLE,admission,optimized,verify,32,468500
SAMPLE,admission,optimized,verify,33,465417
SAMPLE,admission,source,verify,33,603833
SAMPLE,admission,source,verify,34,601958
SAMPLE,admission,optimized,verify,34,468208
SAMPLE,admission,optimized,verify,35,468750
SAMPLE,admission,source,verify,35,1342000
SAMPLE,admission,source,verify,36,2397125
SAMPLE,admission,optimized,verify,36,3781167
SAMPLE,admission,optimized,verify,37,539584
SAMPLE,admission,source,verify,37,670500
SAMPLE,admission,source,verify,38,659125
SAMPLE,admission,optimized,verify,38,2249084
SAMPLE,admission,optimized,verify,39,4180625
SAMPLE,admission,source,verify,39,956583
SAMPLE,admission,source,verify,40,2603583
SAMPLE,admission,optimized,verify,40,2507375
SAMPLE,admission,optimized,verify,41,1213083
SAMPLE,admission,source,verify,41,2506250
SAMPLE,admission,source,verify,42,2300417
SAMPLE,admission,optimized,verify,42,1229500
SAMPLE,admission,optimized,verify,43,919208
SAMPLE,admission,source,verify,43,1124792
SAMPLE,admission,source,verify,44,648958
SAMPLE,admission,optimized,verify,44,518042
SAMPLE,admission,optimized,verify,45,583167
SAMPLE,admission,source,verify,45,656416
SAMPLE,admission,source,verify,46,748000
SAMPLE,admission,optimized,verify,46,560166
SAMPLE,admission,optimized,verify,47,475500
SAMPLE,admission,source,verify,47,632625
SAMPLE,admission,source,verify,48,670250
SAMPLE,admission,optimized,verify,48,496750
SAMPLE,admission,optimized,verify,49,585750
SAMPLE,admission,source,verify,49,608750
SAMPLE,admission,source,verify,50,736000
SAMPLE,admission,optimized,verify,50,1099250
SAMPLE,admission,optimized,verify,51,15356000
SAMPLE,admission,source,verify,51,11384209
SAMPLE,admission,source,verify,52,7275125
SAMPLE,admission,optimized,verify,52,2365750
SAMPLE,admission,optimized,verify,53,755458
SAMPLE,admission,source,verify,53,1587292
SAMPLE,admission,source,verify,54,3132500
SAMPLE,admission,optimized,verify,54,543042
SAMPLE,admission,optimized,verify,55,7024208
SAMPLE,admission,source,verify,55,3374291
SAMPLE,admission,source,verify,56,13486167
SAMPLE,admission,optimized,verify,56,1341958
SAMPLE,admission,optimized,verify,57,607583
SAMPLE,admission,source,verify,57,667584
SAMPLE,admission,source,verify,58,673416
SAMPLE,admission,optimized,verify,58,519375
SAMPLE,admission,optimized,verify,59,504250
SAMPLE,admission,source,verify,59,683166
SAMPLE,admission,source,verify,60,618917
SAMPLE,admission,optimized,verify,60,596000
SAMPLE,admission,optimized,verify,61,473667
SAMPLE,admission,source,verify,61,608875
SAMPLE,admission,source,verify,62,606208
SAMPLE,admission,optimized,verify,62,544250
SAMPLE,admission,optimized,verify,63,490833
SAMPLE,admission,source,verify,63,634959
SAMPLE,admission,source,verify,64,858209
SAMPLE,admission,optimized,verify,64,572083
SAMPLE,admission,optimized,verify,65,489584
SAMPLE,admission,source,verify,65,727959
SAMPLE,admission,source,verify,66,646583
SAMPLE,admission,optimized,verify,66,500708
SAMPLE,admission,optimized,verify,67,664041
SAMPLE,admission,source,verify,67,634416
SAMPLE,admission,source,verify,68,5419750
SAMPLE,admission,optimized,verify,68,1635000
SAMPLE,admission,optimized,verify,69,7998583
SAMPLE,admission,source,verify,69,3975792
SAMPLE,admission,source,verify,70,1406625
SAMPLE,admission,optimized,verify,70,1263167
SAMPLE,admission,optimized,verify,71,656416
SAMPLE,admission,source,verify,71,834292
SAMPLE,admission,source,verify,72,1608084
SAMPLE,admission,optimized,verify,72,546792
SAMPLE,admission,optimized,verify,73,985917
SAMPLE,admission,source,verify,73,1222791
SAMPLE,admission,source,verify,74,1515500
SAMPLE,admission,optimized,verify,74,538458
WORKLOAD,admission,source,12,77,12,121,108,65,17845,7306ad678e59093b0bf785075984ef5083f9f5d94b386ac23f4309172d4113af,14016,degree_bits=0
WORKLOAD,admission,optimized,12,47,12,71,58,35,10091,5ca61f08c5eb58b89daa75c08ab5e426d1a6b227534e7c9be3d6b6d08fe81a63,11894,degree_bits=0
TAMPER,upgrade,source,public_input_0,verifier_rejected
TAMPER,upgrade,optimized,public_input_0,verifier_rejected
SAMPLE,upgrade,source,prove,0,117875417
SAMPLE,upgrade,optimized,prove,0,17994250
SAMPLE,upgrade,optimized,prove,1,89552208
SAMPLE,upgrade,source,prove,1,103573834
SAMPLE,upgrade,source,prove,2,155082625
SAMPLE,upgrade,optimized,prove,2,34016500
SAMPLE,upgrade,optimized,prove,3,34354083
SAMPLE,upgrade,source,prove,3,185583917
SAMPLE,upgrade,source,prove,4,33724791
SAMPLE,upgrade,optimized,prove,4,66834584
SAMPLE,upgrade,optimized,prove,5,27134209
SAMPLE,upgrade,source,prove,5,131889083
SAMPLE,upgrade,source,prove,6,154956792
SAMPLE,upgrade,optimized,prove,6,44616625
SAMPLE,upgrade,optimized,prove,7,119201792
SAMPLE,upgrade,source,prove,7,212476208
SAMPLE,upgrade,source,prove,8,116510292
SAMPLE,upgrade,optimized,prove,8,48448208
SAMPLE,upgrade,optimized,prove,9,48746375
SAMPLE,upgrade,source,prove,9,123365334
SAMPLE,upgrade,source,prove,10,39841708
SAMPLE,upgrade,optimized,prove,10,119629459
SAMPLE,upgrade,optimized,prove,11,74863292
SAMPLE,upgrade,source,prove,11,72620917
SAMPLE,upgrade,source,prove,12,42181958
SAMPLE,upgrade,optimized,prove,12,135194875
SAMPLE,upgrade,optimized,prove,13,12398250
SAMPLE,upgrade,source,prove,13,172217083
SAMPLE,upgrade,source,prove,14,62177500
SAMPLE,upgrade,optimized,prove,14,40143333
SAMPLE,upgrade,optimized,prove,15,17446583
SAMPLE,upgrade,source,prove,15,123755333
SAMPLE,upgrade,source,prove,16,79262416
SAMPLE,upgrade,optimized,prove,16,44330708
SAMPLE,upgrade,optimized,prove,17,11767500
SAMPLE,upgrade,source,prove,17,60841417
SAMPLE,upgrade,source,prove,18,56960334
SAMPLE,upgrade,optimized,prove,18,24291500
SAMPLE,upgrade,optimized,prove,19,60684667
SAMPLE,upgrade,source,prove,19,120903458
SAMPLE,upgrade,source,prove,20,102351958
SAMPLE,upgrade,optimized,prove,20,73178708
SAMPLE,upgrade,optimized,prove,21,52166792
SAMPLE,upgrade,source,prove,21,93688333
SAMPLE,upgrade,source,prove,22,66528666
SAMPLE,upgrade,optimized,prove,22,83201250
SAMPLE,upgrade,optimized,prove,23,40457500
SAMPLE,upgrade,source,prove,23,54022917
SAMPLE,upgrade,source,prove,24,102988709
SAMPLE,upgrade,optimized,prove,24,56733625
SAMPLE,upgrade,source,verify,0,1177125
SAMPLE,upgrade,optimized,verify,0,1131542
SAMPLE,upgrade,optimized,verify,1,1137833
SAMPLE,upgrade,source,verify,1,660542
SAMPLE,upgrade,source,verify,2,739667
SAMPLE,upgrade,optimized,verify,2,478292
SAMPLE,upgrade,optimized,verify,3,363375
SAMPLE,upgrade,source,verify,3,696708
SAMPLE,upgrade,source,verify,4,382292
SAMPLE,upgrade,optimized,verify,4,812459
SAMPLE,upgrade,optimized,verify,5,443625
SAMPLE,upgrade,source,verify,5,378750
SAMPLE,upgrade,source,verify,6,364500
SAMPLE,upgrade,optimized,verify,6,528750
SAMPLE,upgrade,optimized,verify,7,410875
SAMPLE,upgrade,source,verify,7,409833
SAMPLE,upgrade,source,verify,8,671417
SAMPLE,upgrade,optimized,verify,8,756541
SAMPLE,upgrade,optimized,verify,9,795917
SAMPLE,upgrade,source,verify,9,564250
SAMPLE,upgrade,source,verify,10,1074375
SAMPLE,upgrade,optimized,verify,10,856666
SAMPLE,upgrade,optimized,verify,11,651208
SAMPLE,upgrade,source,verify,11,614292
SAMPLE,upgrade,source,verify,12,870083
SAMPLE,upgrade,optimized,verify,12,584167
SAMPLE,upgrade,optimized,verify,13,701708
SAMPLE,upgrade,source,verify,13,913375
SAMPLE,upgrade,source,verify,14,809709
SAMPLE,upgrade,optimized,verify,14,735625
SAMPLE,upgrade,optimized,verify,15,722542
SAMPLE,upgrade,source,verify,15,3365500
SAMPLE,upgrade,source,verify,16,29993584
SAMPLE,upgrade,optimized,verify,16,33706458
SAMPLE,upgrade,optimized,verify,17,704167
SAMPLE,upgrade,source,verify,17,2307625
SAMPLE,upgrade,source,verify,18,493834
SAMPLE,upgrade,optimized,verify,18,568375
SAMPLE,upgrade,optimized,verify,19,796625
SAMPLE,upgrade,source,verify,19,808208
SAMPLE,upgrade,source,verify,20,815417
SAMPLE,upgrade,optimized,verify,20,787542
SAMPLE,upgrade,optimized,verify,21,747833
SAMPLE,upgrade,source,verify,21,812458
SAMPLE,upgrade,source,verify,22,946416
SAMPLE,upgrade,optimized,verify,22,820042
SAMPLE,upgrade,optimized,verify,23,821292
SAMPLE,upgrade,source,verify,23,849792
SAMPLE,upgrade,source,verify,24,832458
SAMPLE,upgrade,optimized,verify,24,35981208
SAMPLE,upgrade,optimized,verify,25,529250
SAMPLE,upgrade,source,verify,25,25549000
SAMPLE,upgrade,source,verify,26,1049959
SAMPLE,upgrade,optimized,verify,26,500334
SAMPLE,upgrade,optimized,verify,27,351625
SAMPLE,upgrade,source,verify,27,372250
SAMPLE,upgrade,source,verify,28,363000
SAMPLE,upgrade,optimized,verify,28,332125
SAMPLE,upgrade,optimized,verify,29,328417
SAMPLE,upgrade,source,verify,29,360959
SAMPLE,upgrade,source,verify,30,358917
SAMPLE,upgrade,optimized,verify,30,328875
SAMPLE,upgrade,optimized,verify,31,330250
SAMPLE,upgrade,source,verify,31,360500
SAMPLE,upgrade,source,verify,32,358833
SAMPLE,upgrade,optimized,verify,32,328708
SAMPLE,upgrade,optimized,verify,33,327208
SAMPLE,upgrade,source,verify,33,358959
SAMPLE,upgrade,source,verify,34,358542
SAMPLE,upgrade,optimized,verify,34,380667
SAMPLE,upgrade,optimized,verify,35,804667
SAMPLE,upgrade,source,verify,35,376125
SAMPLE,upgrade,source,verify,36,364792
SAMPLE,upgrade,optimized,verify,36,334958
SAMPLE,upgrade,optimized,verify,37,330833
SAMPLE,upgrade,source,verify,37,15474708
SAMPLE,upgrade,source,verify,38,388083
SAMPLE,upgrade,optimized,verify,38,502167
SAMPLE,upgrade,optimized,verify,39,341958
SAMPLE,upgrade,source,verify,39,369209
SAMPLE,upgrade,source,verify,40,717458
SAMPLE,upgrade,optimized,verify,40,883167
SAMPLE,upgrade,optimized,verify,41,4344916
SAMPLE,upgrade,source,verify,41,380375
SAMPLE,upgrade,source,verify,42,365500
SAMPLE,upgrade,optimized,verify,42,542750
SAMPLE,upgrade,optimized,verify,43,1043500
SAMPLE,upgrade,source,verify,43,821458
SAMPLE,upgrade,source,verify,44,867958
SAMPLE,upgrade,optimized,verify,44,346083
SAMPLE,upgrade,optimized,verify,45,334375
SAMPLE,upgrade,source,verify,45,367833
SAMPLE,upgrade,source,verify,46,361958
SAMPLE,upgrade,optimized,verify,46,331042
SAMPLE,upgrade,optimized,verify,47,339500
SAMPLE,upgrade,source,verify,47,361167
SAMPLE,upgrade,source,verify,48,359541
SAMPLE,upgrade,optimized,verify,48,329542
SAMPLE,upgrade,optimized,verify,49,328792
SAMPLE,upgrade,source,verify,49,360000
SAMPLE,upgrade,source,verify,50,359500
SAMPLE,upgrade,optimized,verify,50,330042
SAMPLE,upgrade,optimized,verify,51,328375
SAMPLE,upgrade,source,verify,51,360041
SAMPLE,upgrade,source,verify,52,358875
SAMPLE,upgrade,optimized,verify,52,328333
SAMPLE,upgrade,optimized,verify,53,328500
SAMPLE,upgrade,source,verify,53,360375
SAMPLE,upgrade,source,verify,54,359625
SAMPLE,upgrade,optimized,verify,54,329042
SAMPLE,upgrade,optimized,verify,55,332375
SAMPLE,upgrade,source,verify,55,361291
SAMPLE,upgrade,source,verify,56,360375
SAMPLE,upgrade,optimized,verify,56,46615875
SAMPLE,upgrade,optimized,verify,57,564333
SAMPLE,upgrade,source,verify,57,1833250
SAMPLE,upgrade,source,verify,58,1181791
SAMPLE,upgrade,optimized,verify,58,830125
SAMPLE,upgrade,optimized,verify,59,752500
SAMPLE,upgrade,source,verify,59,902875
SAMPLE,upgrade,source,verify,60,1146458
SAMPLE,upgrade,optimized,verify,60,398875
SAMPLE,upgrade,optimized,verify,61,347041
SAMPLE,upgrade,source,verify,61,371333
SAMPLE,upgrade,source,verify,62,364625
SAMPLE,upgrade,optimized,verify,62,333833
SAMPLE,upgrade,optimized,verify,63,330333
SAMPLE,upgrade,source,verify,63,361334
SAMPLE,upgrade,source,verify,64,361209
SAMPLE,upgrade,optimized,verify,64,331709
SAMPLE,upgrade,optimized,verify,65,328875
SAMPLE,upgrade,source,verify,65,360708
SAMPLE,upgrade,source,verify,66,359000
SAMPLE,upgrade,optimized,verify,66,328750
SAMPLE,upgrade,optimized,verify,67,328208
SAMPLE,upgrade,source,verify,67,360834
SAMPLE,upgrade,source,verify,68,358916
SAMPLE,upgrade,optimized,verify,68,328292
SAMPLE,upgrade,optimized,verify,69,327792
SAMPLE,upgrade,source,verify,69,359416
SAMPLE,upgrade,source,verify,70,358291
SAMPLE,upgrade,optimized,verify,70,327709
SAMPLE,upgrade,optimized,verify,71,327791
SAMPLE,upgrade,source,verify,71,505167
SAMPLE,upgrade,source,verify,72,32825792
SAMPLE,upgrade,optimized,verify,72,361166
SAMPLE,upgrade,optimized,verify,73,336000
SAMPLE,upgrade,source,verify,73,368167
SAMPLE,upgrade,source,verify,74,361083
SAMPLE,upgrade,optimized,verify,74,330375
WORKLOAD,upgrade,source,4,21,4,33,28,17,4978,78349d6d32967532081347c0425e1314e217e6856816b84cc91d57eef86efdad,10431,degree_bits=0
WORKLOAD,upgrade,optimized,4,15,4,23,18,11,3427,256630f65ba021f12fdd90ab78416623f68044523c0bea5be8009d5d1312cfa8,10081,degree_bits=0
TAMPER,clearance,source,public_input_0,verifier_rejected
TAMPER,clearance,optimized,public_input_0,verifier_rejected
SAMPLE,clearance,source,prove,0,170193916
SAMPLE,clearance,optimized,prove,0,3201917
SAMPLE,clearance,optimized,prove,1,24878750
SAMPLE,clearance,source,prove,1,124156500
SAMPLE,clearance,source,prove,2,228338792
SAMPLE,clearance,optimized,prove,2,7269042
SAMPLE,clearance,optimized,prove,3,4563667
SAMPLE,clearance,source,prove,3,195684625
SAMPLE,clearance,source,prove,4,275930917
SAMPLE,clearance,optimized,prove,4,100239375
SAMPLE,clearance,optimized,prove,5,87420500
SAMPLE,clearance,source,prove,5,269678250
SAMPLE,clearance,source,prove,6,143478375
SAMPLE,clearance,optimized,prove,6,3640333
SAMPLE,clearance,optimized,prove,7,4104917
SAMPLE,clearance,source,prove,7,167660042
SAMPLE,clearance,source,prove,8,160644750
SAMPLE,clearance,optimized,prove,8,2639542
SAMPLE,clearance,optimized,prove,9,6228833
SAMPLE,clearance,source,prove,9,300893875
SAMPLE,clearance,source,prove,10,655479208
SAMPLE,clearance,optimized,prove,10,11303750
SAMPLE,clearance,optimized,prove,11,2989917
SAMPLE,clearance,source,prove,11,195716167
SAMPLE,clearance,source,prove,12,188706125
SAMPLE,clearance,optimized,prove,12,7002459
SAMPLE,clearance,optimized,prove,13,16534417
SAMPLE,clearance,source,prove,13,230190959
SAMPLE,clearance,source,prove,14,378525083
SAMPLE,clearance,optimized,prove,14,18244166
SAMPLE,clearance,optimized,prove,15,17580375
SAMPLE,clearance,source,prove,15,386462875
SAMPLE,clearance,source,prove,16,325861750
SAMPLE,clearance,optimized,prove,16,2680125
SAMPLE,clearance,optimized,prove,17,2682041
SAMPLE,clearance,source,prove,17,330940125
SAMPLE,clearance,source,prove,18,348464875
SAMPLE,clearance,optimized,prove,18,6605916
SAMPLE,clearance,optimized,prove,19,5565500
SAMPLE,clearance,source,prove,19,217857083
SAMPLE,clearance,source,prove,20,237161958
SAMPLE,clearance,optimized,prove,20,13848041
SAMPLE,clearance,optimized,prove,21,42292458
SAMPLE,clearance,source,prove,21,252930250
SAMPLE,clearance,source,prove,22,171074208
SAMPLE,clearance,optimized,prove,22,53141041
SAMPLE,clearance,optimized,prove,23,9948542
SAMPLE,clearance,source,prove,23,290763375
SAMPLE,clearance,source,prove,24,339028292
SAMPLE,clearance,optimized,prove,24,29443042
SAMPLE,clearance,source,verify,0,464542
SAMPLE,clearance,optimized,verify,0,357000
SAMPLE,clearance,optimized,verify,1,337708
SAMPLE,clearance,source,verify,1,367417
SAMPLE,clearance,source,verify,2,1211166
SAMPLE,clearance,optimized,verify,2,419125
SAMPLE,clearance,optimized,verify,3,366833
SAMPLE,clearance,source,verify,3,445250
SAMPLE,clearance,source,verify,4,512125
SAMPLE,clearance,optimized,verify,4,463291
SAMPLE,clearance,optimized,verify,5,459292
SAMPLE,clearance,source,verify,5,846833
SAMPLE,clearance,source,verify,6,661375
SAMPLE,clearance,optimized,verify,6,748000
SAMPLE,clearance,optimized,verify,7,742625
SAMPLE,clearance,source,verify,7,807625
SAMPLE,clearance,source,verify,8,802042
SAMPLE,clearance,optimized,verify,8,733875
SAMPLE,clearance,optimized,verify,9,828208
SAMPLE,clearance,source,verify,9,472542
SAMPLE,clearance,source,verify,10,681833
SAMPLE,clearance,optimized,verify,10,454375
SAMPLE,clearance,optimized,verify,11,527083
SAMPLE,clearance,source,verify,11,901000
SAMPLE,clearance,source,verify,12,868500
SAMPLE,clearance,optimized,verify,12,847333
SAMPLE,clearance,optimized,verify,13,751791
SAMPLE,clearance,source,verify,13,872833
SAMPLE,clearance,source,verify,14,834125
SAMPLE,clearance,optimized,verify,14,776750
SAMPLE,clearance,optimized,verify,15,742208
SAMPLE,clearance,source,verify,15,865334
SAMPLE,clearance,source,verify,16,489542
SAMPLE,clearance,optimized,verify,16,788292
SAMPLE,clearance,optimized,verify,17,756208
SAMPLE,clearance,source,verify,17,921542
SAMPLE,clearance,source,verify,18,805542
SAMPLE,clearance,optimized,verify,18,729083
SAMPLE,clearance,optimized,verify,19,720458
SAMPLE,clearance,source,verify,19,1311333
SAMPLE,clearance,source,verify,20,421542
SAMPLE,clearance,optimized,verify,20,354000
SAMPLE,clearance,optimized,verify,21,335083
SAMPLE,clearance,source,verify,21,366709
SAMPLE,clearance,source,verify,22,362875
SAMPLE,clearance,optimized,verify,22,331542
SAMPLE,clearance,optimized,verify,23,329583
SAMPLE,clearance,source,verify,23,359458
SAMPLE,clearance,source,verify,24,359125
SAMPLE,clearance,optimized,verify,24,328000
SAMPLE,clearance,optimized,verify,25,327584
SAMPLE,clearance,source,verify,25,62017333
SAMPLE,clearance,source,verify,26,391584
SAMPLE,clearance,optimized,verify,26,343125
SAMPLE,clearance,optimized,verify,27,331667
SAMPLE,clearance,source,verify,27,363834
SAMPLE,clearance,source,verify,28,361417
SAMPLE,clearance,optimized,verify,28,331166
SAMPLE,clearance,optimized,verify,29,328833
SAMPLE,clearance,source,verify,29,360792
SAMPLE,clearance,source,verify,30,359750
SAMPLE,clearance,optimized,verify,30,328459
SAMPLE,clearance,optimized,verify,31,327084
SAMPLE,clearance,source,verify,31,358333
SAMPLE,clearance,source,verify,32,359708
SAMPLE,clearance,optimized,verify,32,1174583
SAMPLE,clearance,optimized,verify,33,349459
SAMPLE,clearance,source,verify,33,369625
SAMPLE,clearance,source,verify,34,1546500
SAMPLE,clearance,optimized,verify,34,3456917
SAMPLE,clearance,optimized,verify,35,4451500
SAMPLE,clearance,source,verify,35,834583
SAMPLE,clearance,source,verify,36,388250
SAMPLE,clearance,optimized,verify,36,343666
SAMPLE,clearance,optimized,verify,37,334417
SAMPLE,clearance,source,verify,37,364917
SAMPLE,clearance,source,verify,38,360875
SAMPLE,clearance,optimized,verify,38,14542458
SAMPLE,clearance,optimized,verify,39,7272458
SAMPLE,clearance,source,verify,39,875542
SAMPLE,clearance,source,verify,40,29486583
SAMPLE,clearance,optimized,verify,40,365083
SAMPLE,clearance,optimized,verify,41,337167
SAMPLE,clearance,source,verify,41,14137125
SAMPLE,clearance,source,verify,42,10554000
SAMPLE,clearance,optimized,verify,42,360500
SAMPLE,clearance,optimized,verify,43,8892083
SAMPLE,clearance,source,verify,43,377583
SAMPLE,clearance,source,verify,44,17601000
SAMPLE,clearance,optimized,verify,44,2956167
SAMPLE,clearance,optimized,verify,45,6926416
SAMPLE,clearance,source,verify,45,393084
SAMPLE,clearance,source,verify,46,366875
SAMPLE,clearance,optimized,verify,46,541375
SAMPLE,clearance,optimized,verify,47,776500
SAMPLE,clearance,source,verify,47,1040375
SAMPLE,clearance,source,verify,48,815875
SAMPLE,clearance,optimized,verify,48,734083
SAMPLE,clearance,optimized,verify,49,1016667
SAMPLE,clearance,source,verify,49,1287000
SAMPLE,clearance,source,verify,50,854292
SAMPLE,clearance,optimized,verify,50,710708
SAMPLE,clearance,optimized,verify,51,789667
SAMPLE,clearance,source,verify,51,916791
SAMPLE,clearance,source,verify,52,375208
SAMPLE,clearance,optimized,verify,52,683750
SAMPLE,clearance,optimized,verify,53,773542
SAMPLE,clearance,source,verify,53,966917
SAMPLE,clearance,source,verify,54,370000
SAMPLE,clearance,optimized,verify,54,360875
SAMPLE,clearance,optimized,verify,55,395166
SAMPLE,clearance,source,verify,55,590792
SAMPLE,clearance,source,verify,56,368500
SAMPLE,clearance,optimized,verify,56,449125
SAMPLE,clearance,optimized,verify,57,332959
SAMPLE,clearance,source,verify,57,403625
SAMPLE,clearance,source,verify,58,391541
SAMPLE,clearance,optimized,verify,58,342084
SAMPLE,clearance,optimized,verify,59,333500
SAMPLE,clearance,source,verify,59,366083
SAMPLE,clearance,source,verify,60,362458
SAMPLE,clearance,optimized,verify,60,331458
SAMPLE,clearance,optimized,verify,61,329667
SAMPLE,clearance,source,verify,61,361209
SAMPLE,clearance,source,verify,62,360666
SAMPLE,clearance,optimized,verify,62,330208
SAMPLE,clearance,optimized,verify,63,329417
SAMPLE,clearance,source,verify,63,361167
SAMPLE,clearance,source,verify,64,359917
SAMPLE,clearance,optimized,verify,64,330750
SAMPLE,clearance,optimized,verify,65,330292
SAMPLE,clearance,source,verify,65,362916
SAMPLE,clearance,source,verify,66,516625
SAMPLE,clearance,optimized,verify,66,589667
SAMPLE,clearance,optimized,verify,67,5820917
SAMPLE,clearance,source,verify,67,2956792
SAMPLE,clearance,source,verify,68,395792
SAMPLE,clearance,optimized,verify,68,349750
SAMPLE,clearance,optimized,verify,69,332917
SAMPLE,clearance,source,verify,69,363833
SAMPLE,clearance,source,verify,70,360292
SAMPLE,clearance,optimized,verify,70,331791
SAMPLE,clearance,optimized,verify,71,328916
SAMPLE,clearance,source,verify,71,361708
SAMPLE,clearance,source,verify,72,359458
SAMPLE,clearance,optimized,verify,72,1724250
SAMPLE,clearance,optimized,verify,73,2513333
SAMPLE,clearance,source,verify,73,380917
SAMPLE,clearance,source,verify,74,366000
SAMPLE,clearance,optimized,verify,74,335416
WORKLOAD,clearance,source,4,21,4,33,28,17,4978,78349d6d32967532081347c0425e1314e217e6856816b84cc91d57eef86efdad,10469,degree_bits=0
WORKLOAD,clearance,optimized,4,15,4,23,18,11,3427,256630f65ba021f12fdd90ab78416623f68044523c0bea5be8009d5d1312cfa8,10157,degree_bits=0
TAMPER,strand,source,public_input_0,verifier_rejected
TAMPER,strand,optimized,public_input_0,verifier_rejected
SAMPLE,strand,source,prove,0,70611792
SAMPLE,strand,optimized,prove,0,2428542
SAMPLE,strand,optimized,prove,1,6376167
SAMPLE,strand,source,prove,1,3004541
SAMPLE,strand,source,prove,2,2819792
SAMPLE,strand,optimized,prove,2,104379333
SAMPLE,strand,optimized,prove,3,82955500
SAMPLE,strand,source,prove,3,13554375
SAMPLE,strand,source,prove,4,39397584
SAMPLE,strand,optimized,prove,4,2503750
SAMPLE,strand,optimized,prove,5,57570958
SAMPLE,strand,source,prove,5,45454792
SAMPLE,strand,source,prove,6,27691542
SAMPLE,strand,optimized,prove,6,112031542
SAMPLE,strand,optimized,prove,7,12885667
SAMPLE,strand,source,prove,7,9988459
SAMPLE,strand,source,prove,8,32562292
SAMPLE,strand,optimized,prove,8,156054541
SAMPLE,strand,optimized,prove,9,4010916
SAMPLE,strand,source,prove,9,2481792
SAMPLE,strand,source,prove,10,8458541
SAMPLE,strand,optimized,prove,10,3180875
SAMPLE,strand,optimized,prove,11,31809250
SAMPLE,strand,source,prove,11,18893042
SAMPLE,strand,source,prove,12,31811125
SAMPLE,strand,optimized,prove,12,18327584
SAMPLE,strand,optimized,prove,13,139640417
SAMPLE,strand,source,prove,13,2421916
SAMPLE,strand,source,prove,14,5973375
SAMPLE,strand,optimized,prove,14,2464084
SAMPLE,strand,optimized,prove,15,11398042
SAMPLE,strand,source,prove,15,28230334
SAMPLE,strand,source,prove,16,2634958
SAMPLE,strand,optimized,prove,16,2388042
SAMPLE,strand,optimized,prove,17,3226791
SAMPLE,strand,source,prove,17,61910958
SAMPLE,strand,source,prove,18,24171083
SAMPLE,strand,optimized,prove,18,49759417
SAMPLE,strand,optimized,prove,19,28390750
SAMPLE,strand,source,prove,19,18409458
SAMPLE,strand,source,prove,20,29486042
SAMPLE,strand,optimized,prove,20,4158500
SAMPLE,strand,optimized,prove,21,2810542
SAMPLE,strand,source,prove,21,5208875
SAMPLE,strand,source,prove,22,69667875
SAMPLE,strand,optimized,prove,22,2459542
SAMPLE,strand,optimized,prove,23,2337916
SAMPLE,strand,source,prove,23,2324209
SAMPLE,strand,source,prove,24,2312750
SAMPLE,strand,optimized,prove,24,36363875
SAMPLE,strand,source,verify,0,62749667
SAMPLE,strand,optimized,verify,0,959334
SAMPLE,strand,optimized,verify,1,737292
SAMPLE,strand,source,verify,1,821083
SAMPLE,strand,source,verify,2,770875
SAMPLE,strand,optimized,verify,2,716250
SAMPLE,strand,optimized,verify,3,671375
SAMPLE,strand,source,verify,3,455375
SAMPLE,strand,source,verify,4,1039541
SAMPLE,strand,optimized,verify,4,345042
SAMPLE,strand,optimized,verify,5,326375
SAMPLE,strand,source,verify,5,340625
SAMPLE,strand,source,verify,6,335250
SAMPLE,strand,optimized,verify,6,326250
SAMPLE,strand,optimized,verify,7,322667
SAMPLE,strand,source,verify,7,322458
SAMPLE,strand,source,verify,8,322209
SAMPLE,strand,optimized,verify,8,324500
SAMPLE,strand,optimized,verify,9,324333
SAMPLE,strand,source,verify,9,326750
SAMPLE,strand,source,verify,10,587541
SAMPLE,strand,optimized,verify,10,753791
SAMPLE,strand,optimized,verify,11,71929250
SAMPLE,strand,source,verify,11,23513542
SAMPLE,strand,source,verify,12,995708
SAMPLE,strand,optimized,verify,12,567250
SAMPLE,strand,optimized,verify,13,4503750
SAMPLE,strand,source,verify,13,14444459
SAMPLE,strand,source,verify,14,1795541
SAMPLE,strand,optimized,verify,14,643417
SAMPLE,strand,optimized,verify,15,331208
SAMPLE,strand,source,verify,15,315792
SAMPLE,strand,source,verify,16,1456584
SAMPLE,strand,optimized,verify,16,2071292
SAMPLE,strand,optimized,verify,17,3155375
SAMPLE,strand,source,verify,17,1790584
SAMPLE,strand,source,verify,18,342166
SAMPLE,strand,optimized,verify,18,327833
SAMPLE,strand,optimized,verify,19,375583
SAMPLE,strand,source,verify,19,623708
SAMPLE,strand,source,verify,20,668166
SAMPLE,strand,optimized,verify,20,787958
SAMPLE,strand,optimized,verify,21,917000
SAMPLE,strand,source,verify,21,762000
SAMPLE,strand,source,verify,22,1181791
SAMPLE,strand,optimized,verify,22,618333
SAMPLE,strand,optimized,verify,23,330958
SAMPLE,strand,source,verify,23,1072542
SAMPLE,strand,source,verify,24,819250
SAMPLE,strand,optimized,verify,24,405292
SAMPLE,strand,optimized,verify,25,332833
SAMPLE,strand,source,verify,25,324584
SAMPLE,strand,source,verify,26,322667
SAMPLE,strand,optimized,verify,26,322500
SAMPLE,strand,optimized,verify,27,322125
SAMPLE,strand,source,verify,27,321875
SAMPLE,strand,source,verify,28,320958
SAMPLE,strand,optimized,verify,28,320584
SAMPLE,strand,optimized,verify,29,320958
SAMPLE,strand,source,verify,29,321666
SAMPLE,strand,source,verify,30,561209
SAMPLE,strand,optimized,verify,30,856500
SAMPLE,strand,optimized,verify,31,798958
SAMPLE,strand,source,verify,31,14284583
SAMPLE,strand,source,verify,32,7267959
SAMPLE,strand,optimized,verify,32,22004042
SAMPLE,strand,optimized,verify,33,348458
SAMPLE,strand,source,verify,33,329625
SAMPLE,strand,source,verify,34,325667
SAMPLE,strand,optimized,verify,34,50530958
SAMPLE,strand,optimized,verify,35,341584
SAMPLE,strand,source,verify,35,317958
SAMPLE,strand,source,verify,36,311208
SAMPLE,strand,optimized,verify,36,6934625
SAMPLE,strand,optimized,verify,37,327500
SAMPLE,strand,source,verify,37,313958
SAMPLE,strand,source,verify,38,3197666
SAMPLE,strand,optimized,verify,38,3953375
SAMPLE,strand,optimized,verify,39,43020250
SAMPLE,strand,source,verify,39,683834
SAMPLE,strand,source,verify,40,525167
SAMPLE,strand,optimized,verify,40,330625
SAMPLE,strand,optimized,verify,41,882584
SAMPLE,strand,source,verify,41,501417
SAMPLE,strand,source,verify,42,618042
SAMPLE,strand,optimized,verify,42,1446667
SAMPLE,strand,optimized,verify,43,633292
SAMPLE,strand,source,verify,43,733834
SAMPLE,strand,source,verify,44,715417
SAMPLE,strand,optimized,verify,44,707584
SAMPLE,strand,optimized,verify,45,739750
SAMPLE,strand,source,verify,45,717000
SAMPLE,strand,source,verify,46,602959
SAMPLE,strand,optimized,verify,46,542625
SAMPLE,strand,optimized,verify,47,1025667
SAMPLE,strand,source,verify,47,662084
SAMPLE,strand,source,verify,48,725250
SAMPLE,strand,optimized,verify,48,328333
SAMPLE,strand,optimized,verify,49,313250
SAMPLE,strand,source,verify,49,310625
SAMPLE,strand,source,verify,50,307959
SAMPLE,strand,optimized,verify,50,307708
SAMPLE,strand,optimized,verify,51,307083
SAMPLE,strand,source,verify,51,307875
SAMPLE,strand,source,verify,52,306833
SAMPLE,strand,optimized,verify,52,307125
SAMPLE,strand,optimized,verify,53,306500
SAMPLE,strand,source,verify,53,307625
SAMPLE,strand,source,verify,54,308917
SAMPLE,strand,optimized,verify,54,307250
SAMPLE,strand,optimized,verify,55,389792
SAMPLE,strand,source,verify,55,310000
SAMPLE,strand,source,verify,56,307084
SAMPLE,strand,optimized,verify,56,308209
SAMPLE,strand,optimized,verify,57,313292
SAMPLE,strand,source,verify,57,311958
SAMPLE,strand,source,verify,58,306916
SAMPLE,strand,optimized,verify,58,308041
SAMPLE,strand,optimized,verify,59,306917
SAMPLE,strand,source,verify,59,306625
SAMPLE,strand,source,verify,60,307209
SAMPLE,strand,optimized,verify,60,308208
SAMPLE,strand,optimized,verify,61,306500
SAMPLE,strand,source,verify,61,306833
SAMPLE,strand,source,verify,62,308542
SAMPLE,strand,optimized,verify,62,328167
SAMPLE,strand,optimized,verify,63,321542
SAMPLE,strand,source,verify,63,373250
SAMPLE,strand,source,verify,64,689792
SAMPLE,strand,optimized,verify,64,392000
SAMPLE,strand,optimized,verify,65,315083
SAMPLE,strand,source,verify,65,310500
SAMPLE,strand,source,verify,66,449916
SAMPLE,strand,optimized,verify,66,367292
SAMPLE,strand,optimized,verify,67,311708
SAMPLE,strand,source,verify,67,309250
SAMPLE,strand,source,verify,68,308584
SAMPLE,strand,optimized,verify,68,307709
SAMPLE,strand,optimized,verify,69,318167
SAMPLE,strand,source,verify,69,307167
SAMPLE,strand,source,verify,70,307792
SAMPLE,strand,optimized,verify,70,307084
SAMPLE,strand,optimized,verify,71,427916
SAMPLE,strand,source,verify,71,768584
SAMPLE,strand,source,verify,72,713667
SAMPLE,strand,optimized,verify,72,714209
SAMPLE,strand,optimized,verify,73,1204208
SAMPLE,strand,source,verify,73,341125
SAMPLE,strand,source,verify,74,568334
SAMPLE,strand,optimized,verify,74,331333
WORKLOAD,strand,source,3,11,3,17,13,8,2713,7921a03108a473f4fc87c61ba19972fe7ce1af19b3f7b814126d3d63850c7309,9850,degree_bits=0
WORKLOAD,strand,optimized,3,11,3,17,13,8,2713,7921a03108a473f4fc87c61ba19972fe7ce1af19b3f7b814126d3d63850c7309,9850,degree_bits=0
