{"synthetic": false,
 "schemaVersion": "2025-09-10",
 "outputs":
 {"o": ["aa8436d50bff2e16.olean"],
  "m": false,
  "i": "0c5548a03d8c1d10.ilean",
  "c": "3c48720db0254356.c"},
 "log":
 [{"message":
   ".> LEAN_PATH=/Users/ember/dev/breadstuffs/orb-compiler/.lake/build/lib/lean /Users/ember/.elan/toolchains/leanprover--lean4---v4.30.0/bin/lean /Users/ember/dev/breadstuffs/orb-compiler/Pancake/ByteCopy.lean -o /Users/ember/dev/breadstuffs/orb-compiler/.lake/build/lib/lean/Pancake/ByteCopy.olean -i /Users/ember/dev/breadstuffs/orb-compiler/.lake/build/lib/lean/Pancake/ByteCopy.ilean -c /Users/ember/dev/breadstuffs/orb-compiler/.lake/build/ir/Pancake/ByteCopy.c --setup /Users/ember/dev/breadstuffs/orb-compiler/.lake/build/ir/Pancake/ByteCopy.setup.json --json",
   "level": "trace"},
  {"message":
   "Pancake/ByteCopy.lean:358:0: 'Pancake.ByteCopy.copyByte_guard' depends on axioms: [propext, Quot.sound]",
   "level": "info"},
  {"message":
   "Pancake/ByteCopy.lean:359:0: 'Pancake.ByteCopy.copyByte_step' depends on axioms: [propext, Classical.choice, Quot.sound]",
   "level": "info"},
  {"message":
   "Pancake/ByteCopy.lean:360:0: 'Pancake.ByteCopy.copySeg_landsB' depends on axioms: [propext, Classical.choice, Quot.sound]",
   "level": "info"}],
 "inputs":
 [["Pancake.ByteCopy:deps",
   [["deps",
     [["«orb-compiler»/Pancake:extraDep",
       [["@«orb-compiler»:extraDep", "00000000000006bb"]]],
      ["imports",
       [["Pancake.NatToDecFull transitive imports (legacy)",
         "90326616d3f6f0e9"],
        ["Pancake.NatToDecFull:importAllArts", "9e42f452a766c84c"],
        ["Pancake.EmitCorrectClock transitive imports (legacy)",
         "149a59990fb57141"],
        ["Pancake.EmitCorrectClock:importAllArts", "668102422b8d2b8e"],
        ["Pancake.EmitCorrectRegion transitive imports (legacy)",
         "ec15b521cddc3995"],
        ["Pancake.EmitCorrectRegion:importAllArts", "01df7745e7b8a3bd"]]]]],
    ["libs",
     [["import dynlibs", "00000000000006bb"],
      ["package external libraries", "00000000000006bb"],
      ["module dynlibs", "00000000000006bb"],
      ["module plugins", "00000000000006bb"]]]]],
  ["Lean 4.30.0, commit d024af099ca4bf2c86f649261ebf59565dc8c622",
   "2f4703bb19086252"],
  ["/Users/ember/dev/breadstuffs/orb-compiler/Pancake/ByteCopy.lean",
   "81530535fb97804f"],
  ["options", "00000000000006bb"],
  ["isModule: false", "feefd2a0d3a1847e"],
  ["Module.name: Pancake.ByteCopy", "c7b3433aa9dfcef3"],
  ["Package.id?: (some orb-compiler)", "0a473b67509a16ae"],
  ["Module.leanArgs: #[]", "00000000000006bb"]],
 "depHash": "9bb15b5143cbd730"}