{"synthetic": false,
 "schemaVersion": "2025-09-10",
 "outputs":
 {"o": ["40e1ac4f56aba1e9.olean"],
  "m": false,
  "i": "75a45002a6a78baf.ilean",
  "c": "3bca568cb0bcb9d4.c"},
 "log":
 [{"message":
   ".> LEAN_PATH=/Users/ember/dev/breadstuffs/orb-compiler/.lake/build/lib/lean /Users/ember/.elan/toolchains/leanprover--lean4---v4.30.0/bin/lean /Users/ember/dev/breadstuffs/orb-compiler/Pancake/DslServe.lean -o /Users/ember/dev/breadstuffs/orb-compiler/.lake/build/lib/lean/Pancake/DslServe.olean -i /Users/ember/dev/breadstuffs/orb-compiler/.lake/build/lib/lean/Pancake/DslServe.ilean -c /Users/ember/dev/breadstuffs/orb-compiler/.lake/build/ir/Pancake/DslServe.c --setup /Users/ember/dev/breadstuffs/orb-compiler/.lake/build/ir/Pancake/DslServe.setup.json --json",
   "level": "trace"}],
 "inputs":
 [["Pancake.DslServe:deps",
   [["deps",
     [["«orb-compiler»/Pancake:extraDep",
       [["@«orb-compiler»:extraDep", "00000000000006bb"]]],
      ["imports",
       [["Pancake.ServeSlice transitive imports (legacy)", "e053a98f602c98d0"],
        ["Pancake.ServeSlice:importAllArts", "612ee079d26a7edc"]]]]],
    ["libs",
     [["import dynlibs", "00000000000006bb"],
      ["package external libraries", "00000000000006bb"],
      ["module dynlibs", "00000000000006bb"],
      ["module plugins", "00000000000006bb"]]]]],
  ["Lean 4.30.0, commit d024af099ca4bf2c86f649261ebf59565dc8c622",
   "2f4703bb19086252"],
  ["/Users/ember/dev/breadstuffs/orb-compiler/Pancake/DslServe.lean",
   "a682fe56dad63729"],
  ["options", "00000000000006bb"],
  ["isModule: false", "feefd2a0d3a1847e"],
  ["Module.name: Pancake.DslServe", "92a3f1f3c5f1753e"],
  ["Package.id?: (some orb-compiler)", "0a473b67509a16ae"],
  ["Module.leanArgs: #[]", "00000000000006bb"]],
 "depHash": "39a1a4e15f527752"}