{"synthetic": false,
 "schemaVersion": "2025-09-10",
 "outputs":
 {"o": ["96ef470a78b4f788.olean"],
  "m": false,
  "i": "05b3f93b63bcce6e.ilean",
  "c": "b7e0396b7604df12.c"},
 "log":
 [{"message":
   ".> LEAN_PATH=/Users/ember/dev/breadstuffs/orb-compiler/.lake/build/lib/lean /Users/ember/.elan/toolchains/leanprover--lean4---v4.30.0/bin/lean /Users/ember/dev/breadstuffs/orb-compiler/Pancake/EmitCorrectCompose.lean -o /Users/ember/dev/breadstuffs/orb-compiler/.lake/build/lib/lean/Pancake/EmitCorrectCompose.olean -i /Users/ember/dev/breadstuffs/orb-compiler/.lake/build/lib/lean/Pancake/EmitCorrectCompose.ilean -c /Users/ember/dev/breadstuffs/orb-compiler/.lake/build/ir/Pancake/EmitCorrectCompose.c --setup /Users/ember/dev/breadstuffs/orb-compiler/.lake/build/ir/Pancake/EmitCorrectCompose.setup.json --json",
   "level": "trace"}],
 "inputs":
 [["Pancake.EmitCorrectCompose:deps",
   [["deps",
     [["«orb-compiler»/Pancake:extraDep",
       [["@«orb-compiler»:extraDep", "00000000000006bb"]]],
      ["imports",
       [["Pancake.EmitCorrectRegion transitive imports (legacy)",
         "ec15b521cddc3995"],
        ["Pancake.EmitCorrectRegion:importAllArts", "01df7745e7b8a3bd"]]]]],
    ["libs",
     [["import dynlibs", "00000000000006bb"],
      ["package external libraries", "00000000000006bb"],
      ["module dynlibs", "00000000000006bb"],
      ["module plugins", "00000000000006bb"]]]]],
  ["Lean 4.30.0, commit d024af099ca4bf2c86f649261ebf59565dc8c622",
   "2f4703bb19086252"],
  ["/Users/ember/dev/breadstuffs/orb-compiler/Pancake/EmitCorrectCompose.lean",
   "59644369bb587654"],
  ["options", "00000000000006bb"],
  ["isModule: false", "feefd2a0d3a1847e"],
  ["Module.name: Pancake.EmitCorrectCompose", "daa2c54cd64c3e8f"],
  ["Package.id?: (some orb-compiler)", "0a473b67509a16ae"],
  ["Module.leanArgs: #[]", "00000000000006bb"]],
 "depHash": "f1e4b89761d82616"}