{"synthetic": false,
 "schemaVersion": "2025-09-10",
 "outputs":
 {"o": ["24f5f263462bf6d7.olean"],
  "m": false,
  "i": "58bce25cf7b69bac.ilean",
  "c": "027594c5bb42a006.c"},
 "log":
 [{"message":
   ".> LEAN_PATH=/Users/ember/dev/breadstuffs/orb-compiler/.lake/build/lib/lean /Users/ember/.elan/toolchains/leanprover--lean4---v4.30.0/bin/lean /Users/ember/dev/breadstuffs/orb-compiler/Pancake/EmitCorrectLoop.lean -o /Users/ember/dev/breadstuffs/orb-compiler/.lake/build/lib/lean/Pancake/EmitCorrectLoop.olean -i /Users/ember/dev/breadstuffs/orb-compiler/.lake/build/lib/lean/Pancake/EmitCorrectLoop.ilean -c /Users/ember/dev/breadstuffs/orb-compiler/.lake/build/ir/Pancake/EmitCorrectLoop.c --setup /Users/ember/dev/breadstuffs/orb-compiler/.lake/build/ir/Pancake/EmitCorrectLoop.setup.json --json",
   "level": "trace"}],
 "inputs":
 [["Pancake.EmitCorrectLoop:deps",
   [["deps",
     [["«orb-compiler»/Pancake:extraDep",
       [["@«orb-compiler»:extraDep", "00000000000006bb"]]],
      ["imports",
       [["Pancake.EmitCorrectCompose transitive imports (legacy)",
         "9df84381c77bb9ec"],
        ["Pancake.EmitCorrectCompose:importAllArts", "e4c0750b21044a51"]]]]],
    ["libs",
     [["import dynlibs", "00000000000006bb"],
      ["package external libraries", "00000000000006bb"],
      ["module dynlibs", "00000000000006bb"],
      ["module plugins", "00000000000006bb"]]]]],
  ["Lean 4.30.0, commit d024af099ca4bf2c86f649261ebf59565dc8c622",
   "2f4703bb19086252"],
  ["/Users/ember/dev/breadstuffs/orb-compiler/Pancake/EmitCorrectLoop.lean",
   "3ec7ae0dd2342172"],
  ["options", "00000000000006bb"],
  ["isModule: false", "feefd2a0d3a1847e"],
  ["Module.name: Pancake.EmitCorrectLoop", "d33fd3a8573df31a"],
  ["Package.id?: (some orb-compiler)", "0a473b67509a16ae"],
  ["Module.leanArgs: #[]", "00000000000006bb"]],
 "depHash": "6a95ec363d38f886"}