{"synthetic": false,
 "schemaVersion": "2025-09-10",
 "outputs":
 {"o": ["2b57e924b797beaa.olean"],
  "m": false,
  "i": "56065821ce196412.ilean",
  "c": "6294403eaebc3112.c"},
 "log":
 [{"message":
   ".> LEAN_PATH=/Users/ember/dev/breadstuffs/orb-compiler/.lake/build/lib/lean /Users/ember/.elan/toolchains/leanprover--lean4---v4.30.0/bin/lean /Users/ember/dev/breadstuffs/orb-compiler/Pancake/EmitCorrectClock.lean -o /Users/ember/dev/breadstuffs/orb-compiler/.lake/build/lib/lean/Pancake/EmitCorrectClock.olean -i /Users/ember/dev/breadstuffs/orb-compiler/.lake/build/lib/lean/Pancake/EmitCorrectClock.ilean -c /Users/ember/dev/breadstuffs/orb-compiler/.lake/build/ir/Pancake/EmitCorrectClock.c --setup /Users/ember/dev/breadstuffs/orb-compiler/.lake/build/ir/Pancake/EmitCorrectClock.setup.json --json",
   "level": "trace"}],
 "inputs":
 [["Pancake.EmitCorrectClock:deps",
   [["deps",
     [["«orb-compiler»/Pancake:extraDep",
       [["@«orb-compiler»:extraDep", "00000000000006bb"]]],
      ["imports",
       [["Pancake.EmitCorrectLoop transitive imports (legacy)",
         "cc344922fb521def"],
        ["Pancake.EmitCorrectLoop:importAllArts", "fa94601cdb89023b"]]]]],
    ["libs",
     [["import dynlibs", "00000000000006bb"],
      ["package external libraries", "00000000000006bb"],
      ["module dynlibs", "00000000000006bb"],
      ["module plugins", "00000000000006bb"]]]]],
  ["Lean 4.30.0, commit d024af099ca4bf2c86f649261ebf59565dc8c622",
   "2f4703bb19086252"],
  ["/Users/ember/dev/breadstuffs/orb-compiler/Pancake/EmitCorrectClock.lean",
   "92a6fda29829ddd9"],
  ["options", "00000000000006bb"],
  ["isModule: false", "feefd2a0d3a1847e"],
  ["Module.name: Pancake.EmitCorrectClock", "c8364581648c3b16"],
  ["Package.id?: (some orb-compiler)", "0a473b67509a16ae"],
  ["Module.leanArgs: #[]", "00000000000006bb"]],
 "depHash": "ad921b0d56c75cf5"}