{"synthetic": false,
 "schemaVersion": "2025-09-10",
 "outputs":
 {"o": ["61ee04cbe8132d75.olean"],
  "m": false,
  "i": "3e0aaeb58e2de576.ilean",
  "c": "18eb879d1c833151.c"},
 "log":
 [{"message":
   ".> LEAN_PATH=/Users/ember/dev/breadstuffs/orb-compiler/.lake/build/lib/lean /Users/ember/.elan/toolchains/leanprover--lean4---v4.30.0/bin/lean /Users/ember/dev/breadstuffs/orb-compiler/Pancake/Lower.lean -o /Users/ember/dev/breadstuffs/orb-compiler/.lake/build/lib/lean/Pancake/Lower.olean -i /Users/ember/dev/breadstuffs/orb-compiler/.lake/build/lib/lean/Pancake/Lower.ilean -c /Users/ember/dev/breadstuffs/orb-compiler/.lake/build/ir/Pancake/Lower.c --setup /Users/ember/dev/breadstuffs/orb-compiler/.lake/build/ir/Pancake/Lower.setup.json --json",
   "level": "trace"}],
 "inputs":
 [["Pancake.Lower:deps",
   [["deps",
     [["«orb-compiler»/Pancake:extraDep",
       [["@«orb-compiler»:extraDep", "00000000000006bb"]]],
      ["imports",
       [["Pancake.Sem transitive imports (legacy)", "00000000000006bb"],
        ["Pancake.Sem:importAllArts", "e43d97663b20cdaa"],
        ["Dsl.EmitPancake transitive imports (legacy)", "00000000000006bb"],
        ["Dsl.EmitPancake:importAllArts", "2362a706c3bd35e0"]]]]],
    ["libs",
     [["import dynlibs", "00000000000006bb"],
      ["package external libraries", "00000000000006bb"],
      ["module dynlibs", "00000000000006bb"],
      ["module plugins", "00000000000006bb"]]]]],
  ["Lean 4.30.0, commit d024af099ca4bf2c86f649261ebf59565dc8c622",
   "2f4703bb19086252"],
  ["/Users/ember/dev/breadstuffs/orb-compiler/Pancake/Lower.lean",
   "f75e4cc0ecf5f020"],
  ["options", "00000000000006bb"],
  ["isModule: false", "feefd2a0d3a1847e"],
  ["Module.name: Pancake.Lower", "e83496992806bdf4"],
  ["Package.id?: (some orb-compiler)", "0a473b67509a16ae"],
  ["Module.leanArgs: #[]", "00000000000006bb"]],
 "depHash": "958f63b56e8b7a5a"}