{"synthetic": false,
 "schemaVersion": "2025-09-10",
 "outputs":
 {"o": ["87d4164a9ef4db50.olean"],
  "m": false,
  "i": "fb997cbd843d674c.ilean",
  "c": "8adbd2ceda6b0b44.c"},
 "log":
 [{"message":
   ".> LEAN_PATH=/Users/ember/dev/breadstuffs/orb-compiler/.lake/build/lib/lean /Users/ember/.elan/toolchains/leanprover--lean4---v4.30.0/bin/lean /Users/ember/dev/breadstuffs/orb-compiler/Pancake/LowerBridgeSem.lean -o /Users/ember/dev/breadstuffs/orb-compiler/.lake/build/lib/lean/Pancake/LowerBridgeSem.olean -i /Users/ember/dev/breadstuffs/orb-compiler/.lake/build/lib/lean/Pancake/LowerBridgeSem.ilean -c /Users/ember/dev/breadstuffs/orb-compiler/.lake/build/ir/Pancake/LowerBridgeSem.c --setup /Users/ember/dev/breadstuffs/orb-compiler/.lake/build/ir/Pancake/LowerBridgeSem.setup.json --json",
   "level": "trace"},
  {"message":
   "Pancake/LowerBridgeSem.lean:88:39: unused variable `hi`\n\nNote: This linter can be disabled with `set_option linter.unusedVariables false`",
   "level": "warning"},
  {"message":
   "Pancake/LowerBridgeSem.lean:445:0: 'Pancake.LowerBridgeSem.getByteAt_setByteAt_same' depends on axioms: [propext, Classical.choice, Quot.sound]",
   "level": "info"},
  {"message":
   "Pancake/LowerBridgeSem.lean:446:0: 'Pancake.LowerBridgeSem.getByteAt_setByteAt_ne' depends on axioms: [propext, Classical.choice, Quot.sound]",
   "level": "info"},
  {"message":
   "Pancake/LowerBridgeSem.lean:447:0: 'Pancake.LowerBridgeSem.byteAlign_byteIndex_inj' depends on axioms: [propext, Classical.choice, Quot.sound]",
   "level": "info"},
  {"message":
   "Pancake/LowerBridgeSem.lean:448:0: 'Pancake.LowerBridgeSem.storesRun' depends on axioms: [propext, Classical.choice, Quot.sound]",
   "level": "info"},
  {"message":
   "Pancake/LowerBridgeSem.lean:449:0: 'Pancake.LowerBridgeSem.storesModel_landsB' depends on axioms: [propext, Classical.choice, Quot.sound]",
   "level": "info"},
  {"message":
   "Pancake/LowerBridgeSem.lean:450:0: 'Pancake.LowerBridgeSem.serve_head_landsB' depends on axioms: [propext, Classical.choice, Quot.sound]",
   "level": "info"}],
 "inputs":
 [["Pancake.LowerBridgeSem:deps",
   [["deps",
     [["«orb-compiler»/Pancake:extraDep",
       [["@«orb-compiler»:extraDep", "00000000000006bb"]]],
      ["imports",
       [["Pancake.LowerBridge transitive imports (legacy)", "7d56e22f59da89a6"],
        ["Pancake.LowerBridge:importAllArts", "93e3a71cf967197f"]]]]],
    ["libs",
     [["import dynlibs", "00000000000006bb"],
      ["package external libraries", "00000000000006bb"],
      ["module dynlibs", "00000000000006bb"],
      ["module plugins", "00000000000006bb"]]]]],
  ["Lean 4.30.0, commit d024af099ca4bf2c86f649261ebf59565dc8c622",
   "2f4703bb19086252"],
  ["/Users/ember/dev/breadstuffs/orb-compiler/Pancake/LowerBridgeSem.lean",
   "4908f13f3b1082cb"],
  ["options", "00000000000006bb"],
  ["isModule: false", "feefd2a0d3a1847e"],
  ["Module.name: Pancake.LowerBridgeSem", "cae2a8d932e403a5"],
  ["Package.id?: (some orb-compiler)", "0a473b67509a16ae"],
  ["Module.leanArgs: #[]", "00000000000006bb"]],
 "depHash": "c622833be5367f6d"}