{"synthetic": false,
 "schemaVersion": "2025-09-10",
 "outputs":
 {"o": ["d28dc2759bccfa1b.olean"],
  "m": false,
  "i": "68c8cbc68e60a78b.ilean",
  "c": "115d2f5c9c33e6de.c"},
 "log":
 [{"message":
   ".> LEAN_PATH=/Users/ember/dev/breadstuffs/orb-compiler/.lake/build/lib/lean /Users/ember/.elan/toolchains/leanprover--lean4---v4.30.0/bin/lean /Users/ember/dev/breadstuffs/orb-compiler/Pancake/PredEval.lean -o /Users/ember/dev/breadstuffs/orb-compiler/.lake/build/lib/lean/Pancake/PredEval.olean -i /Users/ember/dev/breadstuffs/orb-compiler/.lake/build/lib/lean/Pancake/PredEval.ilean -c /Users/ember/dev/breadstuffs/orb-compiler/.lake/build/ir/Pancake/PredEval.c --setup /Users/ember/dev/breadstuffs/orb-compiler/.lake/build/ir/Pancake/PredEval.setup.json --json",
   "level": "trace"},
  {"message":
   "Pancake/PredEval.lean:369:0: 'Pancake.PredEval.predEval_correct' depends on axioms: [propext, Quot.sound]",
   "level": "info"},
  {"message":
   "Pancake/PredEval.lean:370:0: 'Pancake.PredEval.predEval_hDec_clause' depends on axioms: [propext, Quot.sound]",
   "level": "info"},
  {"message":
   "Pancake/PredEval.lean:371:0: 'Pancake.PredEval.gate_run' depends on axioms: [propext, Quot.sound]",
   "level": "info"},
  {"message":
   "Pancake/PredEval.lean:372:0: 'Pancake.PredEval.methodFilter_discharged' depends on axioms: [propext, Quot.sound]",
   "level": "info"}],
 "inputs":
 [["Pancake.PredEval:deps",
   [["deps",
     [["«orb-compiler»/Pancake:extraDep",
       [["@«orb-compiler»:extraDep", "00000000000006bb"]]],
      ["imports",
       [["Pancake.StageCompile transitive imports (legacy)",
         "1ff9c60c004f4e5b"],
        ["Pancake.StageCompile:importAllArts", "60822d587f41dbc3"]]]]],
    ["libs",
     [["import dynlibs", "00000000000006bb"],
      ["package external libraries", "00000000000006bb"],
      ["module dynlibs", "00000000000006bb"],
      ["module plugins", "00000000000006bb"]]]]],
  ["Lean 4.30.0, commit d024af099ca4bf2c86f649261ebf59565dc8c622",
   "2f4703bb19086252"],
  ["/Users/ember/dev/breadstuffs/orb-compiler/Pancake/PredEval.lean",
   "62ff9c0a1a5b549f"],
  ["options", "00000000000006bb"],
  ["isModule: false", "feefd2a0d3a1847e"],
  ["Module.name: Pancake.PredEval", "c1c41fdb1c27a9eb"],
  ["Package.id?: (some orb-compiler)", "0a473b67509a16ae"],
  ["Module.leanArgs: #[]", "00000000000006bb"]],
 "depHash": "f7238277ddcfd441"}