{"synthetic": false,
 "schemaVersion": "2025-09-10",
 "outputs":
 {"o": ["4c98b79a71edfa37.olean"],
  "m": false,
  "i": "bb523f0dffe8907c.ilean",
  "c": "33f068f8fa60a050.c"},
 "log":
 [{"message":
   ".> LEAN_PATH=/Users/ember/dev/breadstuffs/orb-compiler/.lake/build/lib/lean /Users/ember/.elan/toolchains/leanprover--lean4---v4.30.0/bin/lean /Users/ember/dev/breadstuffs/orb-compiler/Pancake/ProofProducing.lean -o /Users/ember/dev/breadstuffs/orb-compiler/.lake/build/lib/lean/Pancake/ProofProducing.olean -i /Users/ember/dev/breadstuffs/orb-compiler/.lake/build/lib/lean/Pancake/ProofProducing.ilean -c /Users/ember/dev/breadstuffs/orb-compiler/.lake/build/ir/Pancake/ProofProducing.c --setup /Users/ember/dev/breadstuffs/orb-compiler/.lake/build/ir/Pancake/ProofProducing.setup.json --json",
   "level": "trace"},
  {"message":
   "Pancake/ProofProducing.lean:317:0: \"Pancake.PancakeProg.cond\\n  (Pancake.PancakeExp.cmp\\n    (Pancake.Cmp.less)\\n    (Pancake.PancakeExp.var \\\"code\\\")\\n    (Pancake.PancakeExp.const 0x0000000000000001#64))\\n  (Pancake.PancakeProg.assign \\\"result\\\" (Pancake.PancakeExp.const 0x000000000000012d#64))\\n  (Pancake.PancakeProg.cond\\n    (Pancake.PancakeExp.cmp\\n      (Pancake.Cmp.less)\\n      (Pancake.PancakeExp.var \\\"code\\\")\\n      (Pancake.PancakeExp.const 0x0000000000000002#64))\\n    (Pancake.PancakeProg.assign \\\"result\\\" (Pancake.PancakeExp.const 0x000000000000012e#64))\\n    (Pancake.PancakeProg.cond\\n      (Pancake.PancakeExp.cmp\\n        (Pancake.Cmp.less)\\n        (Pancake.PancakeExp.var \\\"code\\\")\\n        (Pancake.PancakeExp.const 0x0000000000000003#64))\\n      (Pancake.PancakeProg.assign \\\"result\\\" (Pancake.PancakeExp.const 0x0000000000000133#64))\\n      (Pancake.PancakeProg.assign \\\"result\\\" (Pancake.PancakeExp.const 0x0000000000000134#64))))\"",
   "level": "info"},
  {"message":
   "Pancake/ProofProducing.lean:612:0: \"Pancake.PancakeProg.seq\\n  (Pancake.PancakeProg.storeByte\\n    (Pancake.PancakeExp.op\\n      (Pancake.Binop.add)\\n      (Pancake.PancakeExp.var \\\"buf\\\")\\n      (Pancake.PancakeExp.const 0x0000000000000000#64))\\n    (Pancake.PancakeExp.const 0x0000000000000048#64))\\n  (Pancake.PancakeProg.seq\\n    (Pancake.PancakeProg.storeByte\\n      (Pancake.PancakeExp.op\\n        (Pancake.Binop.add)\\n        (Pancake.PancakeExp.var \\\"buf\\\")\\n        (Pancake.PancakeExp.const 0x0000000000000001#64))\\n      (Pancake.PancakeExp.const 0x0000000000000054#64))\\n    (Pancake.PancakeProg.seq\\n      (Pancake.PancakeProg.storeByte\\n        (Pancake.PancakeExp.op\\n          (Pancake.Binop.add)\\n          (Pancake.PancakeExp.var \\\"buf\\\")\\n          (Pancake.PancakeExp.const 0x0000000000000002#64))\\n        (Pancake.PancakeExp.const 0x0000000000000054#64))\\n      (Pancake.PancakeProg.seq\\n        (Pancake.PancakeProg.storeByte\\n          (Pancake.PancakeExp.op\\n            (Pancake.Binop.add)\\n            (Pancake.PancakeExp.var \\\"buf\\\")\\n            (Pancake.PancakeExp.const 0x0000000000000003#64))\\n          (Pancake.PancakeExp.const 0x0000000000000050#64))\\n        (Pancake.PancakeProg.skip))))\"",
   "level": "info"}],
 "inputs":
 [["Pancake.ProofProducing:deps",
   [["deps",
     [["«orb-compiler»/Pancake:extraDep",
       [["@«orb-compiler»:extraDep", "00000000000006bb"]]],
      ["imports",
       [["Pancake.EmitCorrectCompose transitive imports (legacy)",
         "9df84381c77bb9ec"],
        ["Pancake.EmitCorrectCompose:importAllArts", "e4c0750b21044a51"],
        ["Pancake.EmitCorrectClock transitive imports (legacy)",
         "149a59990fb57141"],
        ["Pancake.EmitCorrectClock:importAllArts", "668102422b8d2b8e"]]]]],
    ["libs",
     [["import dynlibs", "00000000000006bb"],
      ["package external libraries", "00000000000006bb"],
      ["module dynlibs", "00000000000006bb"],
      ["module plugins", "00000000000006bb"]]]]],
  ["Lean 4.30.0, commit d024af099ca4bf2c86f649261ebf59565dc8c622",
   "2f4703bb19086252"],
  ["/Users/ember/dev/breadstuffs/orb-compiler/Pancake/ProofProducing.lean",
   "a5db081a3fc8b919"],
  ["options", "00000000000006bb"],
  ["isModule: false", "feefd2a0d3a1847e"],
  ["Module.name: Pancake.ProofProducing", "6667a18c078c87ec"],
  ["Package.id?: (some orb-compiler)", "0a473b67509a16ae"],
  ["Module.leanArgs: #[]", "00000000000006bb"]],
 "depHash": "1aab9f713a2ff846"}