{"synthetic": false,
 "schemaVersion": "2025-09-10",
 "outputs":
 {"o": ["72dd99906873bd93.olean"],
  "m": false,
  "i": "3d6f3dc2d5ca87c3.ilean",
  "c": "d4b185b00d17e975.c"},
 "log":
 [{"message":
   ".> LEAN_PATH=/Users/ember/dev/breadstuffs/orb-compiler/.lake/build/lib/lean /Users/ember/.elan/toolchains/leanprover--lean4---v4.30.0/bin/lean /Users/ember/dev/breadstuffs/orb-compiler/Pancake/Sem.lean -o /Users/ember/dev/breadstuffs/orb-compiler/.lake/build/lib/lean/Pancake/Sem.olean -i /Users/ember/dev/breadstuffs/orb-compiler/.lake/build/lib/lean/Pancake/Sem.ilean -c /Users/ember/dev/breadstuffs/orb-compiler/.lake/build/ir/Pancake/Sem.c --setup /Users/ember/dev/breadstuffs/orb-compiler/.lake/build/ir/Pancake/Sem.setup.json --json",
   "level": "trace"}],
 "inputs":
 [["Pancake.Sem:deps",
   [["deps",
     [["«orb-compiler»/Pancake:extraDep",
       [["@«orb-compiler»:extraDep", "00000000000006bb"]]],
      ["imports", "00000000000006bb"]]],
    ["libs",
     [["import dynlibs", "00000000000006bb"],
      ["package external libraries", "00000000000006bb"],
      ["module dynlibs", "00000000000006bb"],
      ["module plugins", "00000000000006bb"]]]]],
  ["Lean 4.30.0, commit d024af099ca4bf2c86f649261ebf59565dc8c622",
   "2f4703bb19086252"],
  ["/Users/ember/dev/breadstuffs/orb-compiler/Pancake/Sem.lean",
   "d182dee4e33fa2f8"],
  ["options", "00000000000006bb"],
  ["isModule: false", "feefd2a0d3a1847e"],
  ["Module.name: Pancake.Sem", "4209bc163fd57a58"],
  ["Package.id?: (some orb-compiler)", "0a473b67509a16ae"],
  ["Module.leanArgs: #[]", "00000000000006bb"]],
 "depHash": "4418911aaa4f7078"}