{"synthetic": false,
 "schemaVersion": "2025-09-10",
 "outputs":
 {"o": ["7d05fc8eab677a23.olean"],
  "m": false,
  "i": "04afe4065fe576ba.ilean",
  "c": "e9ffd13959c10ab3.c"},
 "log":
 [{"message":
   ".> LEAN_PATH=/Users/ember/dev/breadstuffs/orb-compiler/.lake/build/lib/lean /Users/ember/.elan/toolchains/leanprover--lean4---v4.30.0/bin/lean /Users/ember/dev/breadstuffs/orb-compiler/Pancake/SerializeStruct.lean -o /Users/ember/dev/breadstuffs/orb-compiler/.lake/build/lib/lean/Pancake/SerializeStruct.olean -i /Users/ember/dev/breadstuffs/orb-compiler/.lake/build/lib/lean/Pancake/SerializeStruct.ilean -c /Users/ember/dev/breadstuffs/orb-compiler/.lake/build/ir/Pancake/SerializeStruct.c --setup /Users/ember/dev/breadstuffs/orb-compiler/.lake/build/ir/Pancake/SerializeStruct.setup.json --json",
   "level": "trace"},
  {"message":
   "Pancake/SerializeStruct.lean:317:0: 'Pancake.SerializeStruct.concatSegs_withPtrs' does not depend on any axioms",
   "level": "info"},
  {"message":
   "Pancake/SerializeStruct.lean:318:0: 'Pancake.SerializeStruct.flatten_fullSegProj' depends on axioms: [propext]",
   "level": "info"},
  {"message":
   "Pancake/SerializeStruct.lean:319:0: 'Pancake.SerializeStruct.concatSegs_fullSegs' depends on axioms: [propext]",
   "level": "info"},
  {"message":
   "Pancake/SerializeStruct.lean:320:0: 'Pancake.SerializeStruct.full_response_membytes' depends on axioms: [propext, Classical.choice, Quot.sound]",
   "level": "info"},
  {"message":
   "Pancake/SerializeStruct.lean:321:0: 'Pancake.SerializeStruct.MemBytesAt_append' depends on axioms: [propext, Quot.sound]",
   "level": "info"},
  {"message":
   "Pancake/SerializeStruct.lean:322:0: 'Pancake.SerializeStruct.serialize_head_body' depends on axioms: [propext]",
   "level": "info"},
  {"message":
   "Pancake/SerializeStruct.lean:323:0: 'Pancake.SerializeStruct.full_response_body_split' depends on axioms: [propext, Quot.sound]",
   "level": "info"},
  {"message":
   "Pancake/SerializeStruct.lean:324:0: 'Pancake.SerializeStruct.full_response_glue' depends on axioms: [propext, Quot.sound]",
   "level": "info"},
  {"message":
   "Pancake/SerializeStruct.lean:325:0: 'Pancake.SerializeStruct.loop_run_head_and_body' depends on axioms: [propext, Quot.sound]",
   "level": "info"}],
 "inputs":
 [["Pancake.SerializeStruct:deps",
   [["deps",
     [["«orb-compiler»/Pancake:extraDep",
       [["@«orb-compiler»:extraDep", "00000000000006bb"]]],
      ["imports",
       [["Pancake.SerializeHeaders transitive imports (legacy)",
         "6a565cf6dc301ffb"],
        ["Pancake.SerializeHeaders:importAllArts", "e15e62fcf845889b"]]]]],
    ["libs",
     [["import dynlibs", "00000000000006bb"],
      ["package external libraries", "00000000000006bb"],
      ["module dynlibs", "00000000000006bb"],
      ["module plugins", "00000000000006bb"]]]]],
  ["Lean 4.30.0, commit d024af099ca4bf2c86f649261ebf59565dc8c622",
   "2f4703bb19086252"],
  ["/Users/ember/dev/breadstuffs/orb-compiler/Pancake/SerializeStruct.lean",
   "0fa772e5eaeb395b"],
  ["options", "00000000000006bb"],
  ["isModule: false", "feefd2a0d3a1847e"],
  ["Module.name: Pancake.SerializeStruct", "7e03e6ff268697e7"],
  ["Package.id?: (some orb-compiler)", "0a473b67509a16ae"],
  ["Module.leanArgs: #[]", "00000000000006bb"]],
 "depHash": "64600e6aac27ee82"}