{"synthetic": false,
 "schemaVersion": "2025-09-10",
 "outputs":
 {"o": ["e06104dbd1fdf45e.olean"],
  "m": false,
  "i": "ba82be476d27f5e3.ilean",
  "c": "d19c71ede01ff599.c"},
 "log":
 [{"message":
   ".> LEAN_PATH=/Users/ember/dev/breadstuffs/orb-compiler/.lake/build/lib/lean /Users/ember/.elan/toolchains/leanprover--lean4---v4.30.0/bin/lean /Users/ember/dev/breadstuffs/orb-compiler/Pancake/ServeFragment.lean -o /Users/ember/dev/breadstuffs/orb-compiler/.lake/build/lib/lean/Pancake/ServeFragment.olean -i /Users/ember/dev/breadstuffs/orb-compiler/.lake/build/lib/lean/Pancake/ServeFragment.ilean -c /Users/ember/dev/breadstuffs/orb-compiler/.lake/build/ir/Pancake/ServeFragment.c --setup /Users/ember/dev/breadstuffs/orb-compiler/.lake/build/ir/Pancake/ServeFragment.setup.json --json",
   "level": "trace"},
  {"message":
   "Pancake/ServeFragment.lean:234:0: \"Pancake.PancakeProg.cond\\n  (Pancake.PancakeExp.cmp\\n    (Pancake.Cmp.less)\\n    (Pancake.PancakeExp.var \\\"active\\\")\\n    (Pancake.PancakeExp.const 0x0000000000000004#64))\\n  (Pancake.PancakeProg.assign \\\"result\\\" (Pancake.PancakeExp.const 0x0000000000000001#64))\\n  (Pancake.PancakeProg.assign \\\"result\\\" (Pancake.PancakeExp.const 0x0000000000000000#64))\"",
   "level": "info"},
  {"message":
   "Pancake/ServeFragment.lean:235:0: \"Pancake.PancakeProg.cond\\n  (Pancake.PancakeExp.cmp\\n    (Pancake.Cmp.less)\\n    (Pancake.PancakeExp.const 0x0000000000000007#64)\\n    (Pancake.PancakeExp.var \\\"cldigits\\\"))\\n  (Pancake.PancakeProg.assign \\\"result\\\" (Pancake.PancakeExp.const 0x0000000000000001#64))\\n  (Pancake.PancakeProg.assign \\\"result\\\" (Pancake.PancakeExp.const 0x0000000000000000#64))\"",
   "level": "info"},
  {"message":
   "Pancake/ServeFragment.lean:236:0: \"Pancake.PancakeProg.cond\\n  (Pancake.PancakeExp.cmp\\n    (Pancake.Cmp.less)\\n    (Pancake.PancakeExp.var \\\"octet\\\")\\n    (Pancake.PancakeExp.const 0x000000000000000a#64))\\n  (Pancake.PancakeProg.assign \\\"result\\\" (Pancake.PancakeExp.const 0x0000000000000001#64))\\n  (Pancake.PancakeProg.cond\\n    (Pancake.PancakeExp.cmp\\n      (Pancake.Cmp.less)\\n      (Pancake.PancakeExp.const 0x000000000000000a#64)\\n      (Pancake.PancakeExp.var \\\"octet\\\"))\\n    (Pancake.PancakeProg.assign \\\"result\\\" (Pancake.PancakeExp.const 0x0000000000000001#64))\\n    (Pancake.PancakeProg.assign \\\"result\\\" (Pancake.PancakeExp.const 0x0000000000000000#64)))\"",
   "level": "info"},
  {"message":
   "Pancake/ServeFragment.lean:237:0: \"Pancake.PancakeProg.cond\\n  (Pancake.PancakeExp.cmp\\n    (Pancake.Cmp.less)\\n    (Pancake.PancakeExp.var \\\"method\\\")\\n    (Pancake.PancakeExp.const 0x0000000000000004#64))\\n  (Pancake.PancakeProg.assign \\\"result\\\" (Pancake.PancakeExp.const 0x0000000000000001#64))\\n  (Pancake.PancakeProg.assign \\\"result\\\" (Pancake.PancakeExp.const 0x0000000000000000#64))\"",
   "level": "info"},
  {"message":
   "Pancake/ServeFragment.lean:238:0: \"Pancake.PancakeProg.seq\\n  (Pancake.PancakeProg.assign \\\"hsts\\\" (Pancake.PancakeExp.const 0x0000000000000001#64))\\n  (Pancake.PancakeProg.seq\\n    (Pancake.PancakeProg.assign \\\"xfo\\\" (Pancake.PancakeExp.const 0x0000000000000001#64))\\n    (Pancake.PancakeProg.assign \\\"nosniff\\\" (Pancake.PancakeExp.const 0x0000000000000001#64)))\"",
   "level": "info"}],
 "inputs":
 [["Pancake.ServeFragment:deps",
   [["deps",
     [["«orb-compiler»/Pancake:extraDep",
       [["@«orb-compiler»:extraDep", "00000000000006bb"]]],
      ["imports",
       [["Pancake.ProofProducing transitive imports (legacy)",
         "2d6131d8676dd53f"],
        ["Pancake.ProofProducing:importAllArts", "e40f23291aad4a66"]]]]],
    ["libs",
     [["import dynlibs", "00000000000006bb"],
      ["package external libraries", "00000000000006bb"],
      ["module dynlibs", "00000000000006bb"],
      ["module plugins", "00000000000006bb"]]]]],
  ["Lean 4.30.0, commit d024af099ca4bf2c86f649261ebf59565dc8c622",
   "2f4703bb19086252"],
  ["/Users/ember/dev/breadstuffs/orb-compiler/Pancake/ServeFragment.lean",
   "e091d5b1b1089886"],
  ["options", "00000000000006bb"],
  ["isModule: false", "feefd2a0d3a1847e"],
  ["Module.name: Pancake.ServeFragment", "0cdc822e84d20e2e"],
  ["Package.id?: (some orb-compiler)", "0a473b67509a16ae"],
  ["Module.leanArgs: #[]", "00000000000006bb"]],
 "depHash": "312c5c1e317166c5"}