{"synthetic": false,
 "schemaVersion": "2025-09-10",
 "outputs":
 {"o": ["c5bf801d2d924c11.olean"],
  "m": false,
  "i": "46bab140ff688240.ilean",
  "c": "1f8b7bdf5dface02.c"},
 "log":
 [{"message":
   ".> LEAN_PATH=/Users/ember/dev/breadstuffs/orb-compiler/.lake/build/lib/lean /Users/ember/.elan/toolchains/leanprover--lean4---v4.30.0/bin/lean /Users/ember/dev/breadstuffs/orb-compiler/Pancake/ServeConfigServe.lean -o /Users/ember/dev/breadstuffs/orb-compiler/.lake/build/lib/lean/Pancake/ServeConfigServe.olean -i /Users/ember/dev/breadstuffs/orb-compiler/.lake/build/lib/lean/Pancake/ServeConfigServe.ilean -c /Users/ember/dev/breadstuffs/orb-compiler/.lake/build/ir/Pancake/ServeConfigServe.c --setup /Users/ember/dev/breadstuffs/orb-compiler/.lake/build/ir/Pancake/ServeConfigServe.setup.json --json",
   "level": "trace"},
  {"message":
   "Pancake/ServeConfigServe.lean:583:0: 'Pancake.ServeConfigServe.eval_be4model' depends on axioms: [propext, Quot.sound]",
   "level": "info"},
  {"message":
   "Pancake/ServeConfigServe.lean:584:0: 'Pancake.ServeConfigServe.serveExportCfg_lowers' depends on axioms: [propext, Classical.choice, Quot.sound]",
   "level": "info"},
  {"message":
   "Pancake/ServeConfigServe.lean:585:0: 'Pancake.ServeConfigServe.serveExportCfg_serves_get_default' depends on axioms: [propext, Classical.choice, Quot.sound]",
   "level": "info"},
  {"message":
   "Pancake/ServeConfigServe.lean:586:0: 'Pancake.ServeConfigServe.serveExportCfg_serves_405_default' depends on axioms: [propext, Classical.choice, Quot.sound]",
   "level": "info"},
  {"message":
   "Pancake/ServeConfigServe.lean:587:0: 'Pancake.ServeConfigServe.serveExportCfg_serves_get_present' depends on axioms: [propext, Classical.choice, Quot.sound]",
   "level": "info"},
  {"message":
   "Pancake/ServeConfigServe.lean:588:0: 'Pancake.ServeConfigServe.serveExportCfg_default_real_get' depends on axioms: [propext, Classical.choice, Quot.sound]",
   "level": "info"},
  {"message":
   "Pancake/ServeConfigServe.lean:589:0: 'Pancake.ServeConfigServe.serveExportCfg_default_real_405' depends on axioms: [propext, Classical.choice, Quot.sound]",
   "level": "info"},
  {"message":
   "Pancake/ServeConfigServe.lean:590:0: 'Pancake.ServeConfigServe.serveExportCfg_return_config_dependent' depends on axioms: [propext]",
   "level": "info"}],
 "inputs":
 [["Pancake.ServeConfigServe:deps",
   [["deps",
     [["«orb-compiler»/Pancake:extraDep",
       [["@«orb-compiler»:extraDep", "00000000000006bb"]]],
      ["imports",
       [["Pancake.ServeExportServes transitive imports (legacy)",
         "4e16ef1c59ad4e75"],
        ["Pancake.ServeExportServes:importAllArts", "3bfe3b63c6845c00"]]]]],
    ["libs",
     [["import dynlibs", "00000000000006bb"],
      ["package external libraries", "00000000000006bb"],
      ["module dynlibs", "00000000000006bb"],
      ["module plugins", "00000000000006bb"]]]]],
  ["Lean 4.30.0, commit d024af099ca4bf2c86f649261ebf59565dc8c622",
   "2f4703bb19086252"],
  ["/Users/ember/dev/breadstuffs/orb-compiler/Pancake/ServeConfigServe.lean",
   "e480b875c5e8c17f"],
  ["options", "00000000000006bb"],
  ["isModule: false", "feefd2a0d3a1847e"],
  ["Module.name: Pancake.ServeConfigServe", "74ceb9cce5cf33ba"],
  ["Package.id?: (some orb-compiler)", "0a473b67509a16ae"],
  ["Module.leanArgs: #[]", "00000000000006bb"]],
 "depHash": "023cc4c50a751254"}