{"synthetic": false,
 "schemaVersion": "2025-09-10",
 "outputs":
 {"o": ["bbfa59418afab54a.olean"],
  "m": false,
  "i": "41604bdab7ab82b8.ilean",
  "c": "82f09aaae4d232cf.c"},
 "log":
 [{"message":
   ".> LEAN_PATH=/Users/ember/dev/breadstuffs/orb-compiler/.lake/build/lib/lean /Users/ember/.elan/toolchains/leanprover--lean4---v4.30.0/bin/lean /Users/ember/dev/breadstuffs/orb-compiler/Pancake/ServeFull.lean -o /Users/ember/dev/breadstuffs/orb-compiler/.lake/build/lib/lean/Pancake/ServeFull.olean -i /Users/ember/dev/breadstuffs/orb-compiler/.lake/build/lib/lean/Pancake/ServeFull.ilean -c /Users/ember/dev/breadstuffs/orb-compiler/.lake/build/ir/Pancake/ServeFull.c --setup /Users/ember/dev/breadstuffs/orb-compiler/.lake/build/ir/Pancake/ServeFull.setup.json --json",
   "level": "trace"},
  {"message":
   "Pancake/ServeFull.lean:341:0: \"Pancake.PancakeProg.seq\\n  (Pancake.PancakeProg.seq\\n    (Pancake.PancakeProg.seq\\n      (Pancake.PancakeProg.assign \\\"hsts\\\" (Pancake.PancakeExp.const 0x0000000000000001#64))\\n      (Pancake.PancakeProg.seq\\n        (Pancake.PancakeProg.assign \\\"xfo\\\" (Pancake.PancakeExp.const 0x0000000000000001#64))\\n        (Pancake.PancakeProg.assign \\\"nosniff\\\" (Pancake.PancakeExp.const 0x0000000000000001#64))))\\n    (Pancake.PancakeProg.seq\\n      (Pancake.PancakeProg.cond\\n        (Pancake.PancakeExp.cmp\\n          (Pancake.Cmp.less)\\n          (Pancake.PancakeExp.var \\\"active\\\")\\n          (Pancake.PancakeExp.const 0x0000000000000004#64))\\n        (Pancake.PancakeProg.assign \\\"result\\\" (Pancake.PancakeExp.const 0x0000000000000001#64))\\n        (Pancake.PancakeProg.assign \\\"result\\\" (Pancake.PancakeExp.const 0x0000000000000000#64)))\\n      (Pancake.PancakeProg.seq\\n        (Pancake.PancakeProg.cond\\n          (Pancake.PancakeExp.cmp\\n            (Pancake.Cmp.less)\\n            (Pancake.PancakeExp.var \\\"octet\\\")\\n            (Pancake.PancakeExp.const 0x000000000000000a#64))\\n          (Pancake.PancakeProg.assign \\\"result\\\" (Pancake.PancakeExp.const 0x0000000000000001#64))\\n          (Pancake.PancakeProg.cond\\n            (Pancake.PancakeExp.cmp\\n              (Pancake.Cmp.less)\\n              (Pancake.PancakeExp.const 0x000000000000000a#64)\\n              (Pancake.PancakeExp.var \\\"octet\\\"))\\n            (Pancake.PancakeProg.assign \\\"result\\\" (Pancake.PancakeExp.const 0x0000000000000001#64))\\n            (Pancake.PancakeProg.assign \\\"result\\\" (Pancake.PancakeExp.const 0x0000000000000000#64))))\\n        (Pancake.PancakeProg.cond\\n          (Pancake.PancakeExp.cmp\\n            (Pancake.Cmp.less)\\n            (Pancake.PancakeExp.const 0x0000000000000007#64)\\n            (Pancake.PancakeExp.var \\\"cldigits\\\"))\\n          (Pancake.PancakeProg.assign \\\"result\\\" (Pancake.PancakeExp.const 0x0000000000000001#64))\\n          (Pancake.PancakeProg.assign \\\"result\\\" (Pancake.PancakeExp.const 0x0000000000000000#64))))))\\n  (Pancake.PancakeProg.cond\\n    (Pancake.PancakeExp.cmp\\n      (Pancake.Cmp.less)\\n      (Pancake.PancakeExp.var \\\"method\\\")\\n      (Pancake.PancakeExp.const 0x0000000000000004#64))\\n    (Pancake.PancakeProg.seq\\n      (Pancake.PancakeProg.seq\\n        (Pancake.PancakeProg.assign \\\"dst\\\" (Pancake.PancakeExp.const 0x0000000000000000#64))\\n        (Pancake.PancakeProg.seq\\n          (Pancake.PancakeProg.assign \\\"src\\\" (Pancake.PancakeExp.const 0x0000000000000040#64))\\n          (Pancake.PancakeProg.seq\\n            (Pancake.PancakeProg.assign \\\"i\\\" (Pancake.PancakeExp.const 0x0000000000000000#64))\\n            (Pancake.PancakeProg.seq\\n              (Pancake.PancakeProg.assign \\\"len\\\" (Pancake.PancakeExp.const 0x0000000000000011#64))\\n              (Pancake.PancakeProg.while_\\n                (Pancake.PancakeExp.cmp (Pancake.Cmp.less) (Pancake.PancakeExp.var \\\"i\\\") (Pancake.PancakeExp.var \\\"len\\\"))\\n                (Pancake.PancakeProg.seq\\n                  (Pancake.PancakeProg.store\\n                    (Pancake.PancakeExp.op\\n                      (Pancake.Binop.add)\\n                      (Pancake.PancakeExp.var \\\"dst\\\")\\n                      (Pancake.PancakeExp.var \\\"i\\\"))\\n                    (Pancake.PancakeExp.loadWord\\n                      (Pancake.PancakeExp.op\\n                        (Pancake.Binop.add)\\n                        (Pancake.PancakeExp.var \\\"src\\\")\\n                        (Pancake.PancakeExp.var \\\"i\\\"))))\\n                  (Pancake.PancakeProg.assign\\n                    \\\"i\\\"\\n                    (Pancake.PancakeExp.op\\n                      (Pancake.Binop.add)\\n                      (Pancake.PancakeExp.var \\\"i\\\")\\n                      (Pancake.PancakeExp.const 0x0000000000000001#64)))))))))\\n      (Pancake.PancakeProg.seq\\n        (Pancake.PancakeProg.seq\\n          (Pancake.PancakeProg.assign \\\"dst\\\" (Pancake.PancakeExp.const 0x0000000000000011#64))\\n          (Pancake.PancakeProg.seq\\n            (Pancake.PancakeProg.assign \\\"src\\\" (Pancake.PancakeExp.const 0x0000000000001000#64))\\n            (Pancake.PancakeProg.seq\\n              (Pancake.PancakeProg.assign \\\"i\\\" (Pancake.PancakeExp.const 0x0000000000000000#64))\\n              (Pancake.PancakeProg.seq\\n                (Pancake.PancakeProg.assign \\\"len\\\" (Pancake.PancakeExp.const 0x000000000000008d#64))\\n                (Pancake.PancakeProg.while_\\n                  (Pancake.PancakeExp.cmp\\n                    (Pancake.Cmp.less)\\n                    (Pancake.PancakeExp.var \\\"i\\\")\\n                    (Pancake.PancakeExp.var \\\"len\\\"))\\n                  (Pancake.PancakeProg.seq\\n                    (Pancake.PancakeProg.store\\n                      (Pancake.PancakeExp.op\\n                        (Pancake.Binop.add)\\n                        (Pancake.PancakeExp.var \\\"dst\\\")\\n                        (Pancake.PancakeExp.var \\\"i\\\"))\\n                      (Pancake.PancakeExp.loadWord\\n                        (Pancake.PancakeExp.op\\n                          (Pancake.Binop.add)\\n                          (Pancake.PancakeExp.var \\\"src\\\")\\n                          (Pancake.PancakeExp.var \\\"i\\\"))))\\n                    (Pancake.PancakeProg.assign\\n                      \\\"i\\\"\\n                      (Pancake.PancakeExp.op\\n                        (Pancake.Binop.add)\\n                        (Pancake.PancakeExp.var \\\"i\\\")\\n                        (Pancake.PancakeExp.const 0x0000000000000001#64)))))))))\\n        (Pancake.PancakeProg.seq\\n          (Pancake.PancakeProg.seq\\n            (Pancake.PancakeProg.assign \\\"dst\\\" (Pancake.PancakeExp.const 0x000000000000009e#64))\\n            (Pancake.PancakeProg.seq\\n              (Pancake.PancakeProg.assign \\\"src\\\" (Pancake.PancakeExp.const 0x0000000000002000#64))\\n              (Pancake.PancakeProg.seq\\n                (Pancake.PancakeProg.assign \\\"i\\\" (Pancake.PancakeExp.const 0x0000000000000000#64))\\n                (Pancake.PancakeProg.seq\\n                  (Pancake.PancakeProg.assign \\\"len\\\" (Pancake.PancakeExp.const 0x0000000000000006#64))\\n                  (Pancake.PancakeProg.while_\\n                    (Pancake.PancakeExp.cmp\\n                      (Pancake.Cmp.less)\\n                      (Pancake.PancakeExp.var \\\"i\\\")\\n                      (Pancake.PancakeExp.var \\\"len\\\"))\\n                    (Pancake.PancakeProg.seq\\n                      (Pancake.PancakeProg.store\\n                        (Pancake.PancakeExp.op\\n                          (Pancake.Binop.add)\\n                          (Pancake.PancakeExp.var \\\"dst\\\")\\n                          (Pancake.PancakeExp.var \\\"i\\\"))\\n                        (Pancake.PancakeExp.loadWord\\n                          (Pancake.PancakeExp.op\\n                            (Pancake.Binop.add)\\n                            (Pancake.PancakeExp.var \\\"src\\\")\\n                            (Pancake.PancakeExp.var \\\"i\\\"))))\\n                      (Pancake.PancakeProg.assign\\n                        \\\"i\\\"\\n                        (Pancake.PancakeExp.op\\n                          (Pancake.Binop.add)\\n                          (Pancake.PancakeExp.var \\\"i\\\")\\n                          (Pancake.PancakeExp.const 0x0000000000000001#64)))))))))\\n          (Pancake.PancakeProg.skip))))\\n    (Pancake.PancakeProg.seq\\n      (Pancake.PancakeProg.seq\\n        (Pancake.PancakeProg.assign \\\"dst\\\" (Pancake.PancakeExp.const 0x0000000000000000#64))\\n        (Pancake.PancakeProg.seq\\n          (Pancake.PancakeProg.assign \\\"src\\\" (Pancake.PancakeExp.const 0x0000000000004000#64))\\n          (Pancake.PancakeProg.seq\\n            (Pancake.PancakeProg.assign \\\"i\\\" (Pancake.PancakeExp.const 0x0000000000000000#64))\\n            (Pancake.PancakeProg.seq\\n              (Pancake.PancakeProg.assign \\\"len\\\" (Pancake.PancakeExp.const 0x0000000000000021#64))\\n              (Pancake.PancakeProg.while_\\n                (Pancake.PancakeExp.cmp (Pancake.Cmp.less) (Pancake.PancakeExp.var \\\"i\\\") (Pancake.PancakeExp.var \\\"len\\\"))\\n                (Pancake.PancakeProg.seq\\n                  (Pancake.PancakeProg.store\\n                    (Pancake.PancakeExp.op\\n                      (Pancake.Binop.add)\\n                      (Pancake.PancakeExp.var \\\"dst\\\")\\n                      (Pancake.PancakeExp.var \\\"i\\\"))\\n                    (Pancake.PancakeExp.loadWord\\n                      (Pancake.PancakeExp.op\\n                        (Pancake.Binop.add)\\n                        (Pancake.PancakeExp.var \\\"src\\\")\\n                        (Pancake.PancakeExp.var \\\"i\\\"))))\\n                  (Pancake.PancakeProg.assign\\n                    \\\"i\\\"\\n                    (Pancake.PancakeExp.op\\n                      (Pancake.Binop.add)\\n                      (Pancake.PancakeExp.var \\\"i\\\")\\n                      (Pancake.PancakeExp.const 0x0000000000000001#64)))))))))\\n      (Pancake.PancakeProg.seq\\n        (Pancake.PancakeProg.seq\\n          (Pancake.PancakeProg.assign \\\"dst\\\" (Pancake.PancakeExp.const 0x0000000000000021#64))\\n          (Pancake.PancakeProg.seq\\n            (Pancake.PancakeProg.assign \\\"src\\\" (Pancake.PancakeExp.const 0x0000000000005000#64))\\n            (Pancake.PancakeProg.seq\\n              (Pancake.PancakeProg.assign \\\"i\\\" (Pancake.PancakeExp.const 0x0000000000000000#64))\\n              (Pancake.PancakeProg.seq\\n                (Pancake.PancakeProg.assign \\\"len\\\" (Pancake.PancakeExp.const 0x00000000000000af#64))\\n                (Pancake.PancakeProg.while_\\n                  (Pancake.PancakeExp.cmp\\n                    (Pancake.Cmp.less)\\n                    (Pancake.PancakeExp.var \\\"i\\\")\\n                    (Pancake.PancakeExp.var \\\"len\\\"))\\n                  (Pancake.PancakeProg.seq\\n                    (Pancake.PancakeProg.store\\n                      (Pancake.PancakeExp.op\\n                        (Pancake.Binop.add)\\n                        (Pancake.PancakeExp.var \\\"dst\\\")\\n                        (Pancake.PancakeExp.var \\\"i\\\"))\\n                      (Pancake.PancakeExp.loadWord\\n                        (Pancake.PancakeExp.op\\n                          (Pancake.Binop.add)\\n                          (Pancake.PancakeExp.var \\\"src\\\")\\n                          (Pancake.PancakeExp.var \\\"i\\\"))))\\n                    (Pancake.PancakeProg.assign\\n                      \\\"i\\\"\\n                      (Pancake.PancakeExp.op\\n                        (Pancake.Binop.add)\\n                        (Pancake.PancakeExp.var \\\"i\\\")\\n                        (Pancake.PancakeExp.const 0x0000000000000001#64)))))))))\\n        (Pancake.PancakeProg.seq\\n          (Pancake.PancakeProg.seq\\n            (Pancake.PancakeProg.assign \\\"dst\\\" (Pancake.PancakeExp.const 0x00000000000000d0#64))\\n            (Pancake.PancakeProg.seq\\n              (Pancake.PancakeProg.assign \\\"src\\\" (Pancake.PancakeExp.const 0x0000000000006000#64))\\n              (Pancake.PancakeProg.seq\\n                (Pancake.PancakeProg.assign \\\"i\\\" (Pancake.PancakeExp.const 0x0000000000000000#64))\\n                (Pancake.PancakeProg.seq\\n                  (Pancake.PancakeProg.assign \\\"len\\\" (Pancake.PancakeExp.const 0x0000000000000013#64))\\n                  (Pancake.PancakeProg.while_\\n                    (Pancake.PancakeExp.cmp\\n                      (Pancake.Cmp.less)\\n                      (Pancake.PancakeExp.var \\\"i\\\")\\n                      (Pancake.PancakeExp.var \\\"len\\\"))\\n                    (Pancake.PancakeProg.seq\\n                      (Pancake.PancakeProg.store\\n                        (Pancake.PancakeExp.op\\n                          (Pancake.Binop.add)\\n                          (Pancake.PancakeExp.var \\\"dst\\\")\\n                          (Pancake.PancakeExp.var \\\"i\\\"))\\n                        (Pancake.PancakeExp.loadWord\\n                          (Pancake.PancakeExp.op\\n                            (Pancake.Binop.add)\\n                            (Pancake.PancakeExp.var \\\"src\\\")\\n                            (Pancake.PancakeExp.var \\\"i\\\"))))\\n                      (Pancake.PancakeProg.assign\\n                        \\\"i\\\"\\n                        (Pancake.PancakeExp.op\\n                          (Pancake.Binop.add)\\n                          (Pancake.PancakeExp.var \\\"i\\\")\\n                          (Pancake.PancakeExp.const 0x0000000000000001#64)))))))))\\n          (Pancake.PancakeProg.skip)))))\"",
   "level": "info"},
  {"message":
   "Pancake/ServeFull.lean:348:0: 'Pancake.ServeFull.serveFull_correct' depends on axioms: [propext, Classical.choice, Quot.sound]",
   "level": "info"},
  {"message":
   "Pancake/ServeFull.lean:349:0: 'Pancake.ServeFull.decisionPrefix_cert' depends on axioms: [propext, Quot.sound]",
   "level": "info"},
  {"message":
   "Pancake/ServeFull.lean:350:0: 'Pancake.ServeFull.prefix_frame' depends on axioms: [propext, Classical.choice, Quot.sound]",
   "level": "info"},
  {"message":
   "Pancake/ServeFull.lean:351:0: 'Pancake.ServeFull.SourcesOK_congr' depends on axioms: [propext]",
   "level": "info"}],
 "inputs":
 [["Pancake.ServeFull:deps",
   [["deps",
     [["«orb-compiler»/Pancake:extraDep",
       [["@«orb-compiler»:extraDep", "00000000000006bb"]]],
      ["imports",
       [["Pancake.ServeSlice transitive imports (legacy)", "e053a98f602c98d0"],
        ["Pancake.ServeSlice:importAllArts", "612ee079d26a7edc"],
        ["Pancake.SerializeFull transitive imports (legacy)",
         "062e0dc535546a4c"],
        ["Pancake.SerializeFull:importAllArts", "9f5900dcbc2e0ad9"]]]]],
    ["libs",
     [["import dynlibs", "00000000000006bb"],
      ["package external libraries", "00000000000006bb"],
      ["module dynlibs", "00000000000006bb"],
      ["module plugins", "00000000000006bb"]]]]],
  ["Lean 4.30.0, commit d024af099ca4bf2c86f649261ebf59565dc8c622",
   "2f4703bb19086252"],
  ["/Users/ember/dev/breadstuffs/orb-compiler/Pancake/ServeFull.lean",
   "382887c6aef26909"],
  ["options", "00000000000006bb"],
  ["isModule: false", "feefd2a0d3a1847e"],
  ["Module.name: Pancake.ServeFull", "f4c1f9fcf37a6641"],
  ["Package.id?: (some orb-compiler)", "0a473b67509a16ae"],
  ["Module.leanArgs: #[]", "00000000000006bb"]],
 "depHash": "414bd79fb87efa8c"}