{"synthetic": false,
 "schemaVersion": "2025-09-10",
 "outputs":
 {"o": ["1629c73f33cf14a3.olean"],
  "m": false,
  "i": "a53576624fa53233.ilean",
  "c": "04652ad0341fc320.c"},
 "log":
 [{"message":
   ".> LEAN_PATH=/Users/ember/dev/breadstuffs/orb-compiler/.lake/build/lib/lean /Users/ember/.elan/toolchains/leanprover--lean4---v4.30.0/bin/lean /Users/ember/dev/breadstuffs/orb-compiler/Pancake/ServeExportServes.lean -o /Users/ember/dev/breadstuffs/orb-compiler/.lake/build/lib/lean/Pancake/ServeExportServes.olean -i /Users/ember/dev/breadstuffs/orb-compiler/.lake/build/lib/lean/Pancake/ServeExportServes.ilean -c /Users/ember/dev/breadstuffs/orb-compiler/.lake/build/ir/Pancake/ServeExportServes.c --setup /Users/ember/dev/breadstuffs/orb-compiler/.lake/build/ir/Pancake/ServeExportServes.setup.json --json",
   "level": "trace"},
  {"message":
   "Pancake/ServeExportServes.lean:615:0: 'Pancake.ServeExportServes.serveExport_lowers' depends on axioms: [propext, Classical.choice, Quot.sound]",
   "level": "info"},
  {"message":
   "Pancake/ServeExportServes.lean:616:0: 'Pancake.ServeExportServes.storeAssign_landsB' depends on axioms: [propext, Classical.choice, Quot.sound]",
   "level": "info"},
  {"message":
   "Pancake/ServeExportServes.lean:617:0: 'Pancake.ServeExportServes.serveExport_serves_get' depends on axioms: [propext, Classical.choice, Quot.sound]",
   "level": "info"},
  {"message":
   "Pancake/ServeExportServes.lean:618:0: 'Pancake.ServeExportServes.serveExport_serves_405' depends on axioms: [propext, Classical.choice, Quot.sound]",
   "level": "info"},
  {"message":
   "Pancake/ServeExportServes.lean:619:0: 'Pancake.ServeExportServes.serveExport_serves_get_real' depends on axioms: [propext, Classical.choice, Quot.sound]",
   "level": "info"},
  {"message":
   "Pancake/ServeExportServes.lean:620:0: 'Pancake.ServeExportServes.serveExport_serves_405_real' depends on axioms: [propext, Classical.choice, Quot.sound]",
   "level": "info"},
  {"message":
   "Pancake/ServeExportServes.lean:621:0: 'Pancake.ServeExportServes.ofNat_len_ne' depends on axioms: [propext]",
   "level": "info"}],
 "inputs":
 [["Pancake.ServeExportServes:deps",
   [["deps",
     [["«orb-compiler»/Pancake:extraDep",
       [["@«orb-compiler»:extraDep", "00000000000006bb"]]],
      ["imports",
       [["Pancake.LowerBridgeSem transitive imports (legacy)",
         "44fdab44f3477572"],
        ["Pancake.LowerBridgeSem:importAllArts", "3a9effa8e1f6c537"]]]]],
    ["libs",
     [["import dynlibs", "00000000000006bb"],
      ["package external libraries", "00000000000006bb"],
      ["module dynlibs", "00000000000006bb"],
      ["module plugins", "00000000000006bb"]]]]],
  ["Lean 4.30.0, commit d024af099ca4bf2c86f649261ebf59565dc8c622",
   "2f4703bb19086252"],
  ["/Users/ember/dev/breadstuffs/orb-compiler/Pancake/ServeExportServes.lean",
   "7fd7b7ba141862e2"],
  ["options", "00000000000006bb"],
  ["isModule: false", "feefd2a0d3a1847e"],
  ["Module.name: Pancake.ServeExportServes", "b89e0c75b1e5ba88"],
  ["Package.id?: (some orb-compiler)", "0a473b67509a16ae"],
  ["Module.leanArgs: #[]", "00000000000006bb"]],
 "depHash": "57f05d6c18336b69"}