{"synthetic": false,
 "schemaVersion": "2025-09-10",
 "outputs":
 {"o": ["a39f59a31944e946.olean"],
  "m": false,
  "i": "589254093f18a967.ilean",
  "c": "d2cbb550f3714fdb.c"},
 "log":
 [{"message":
   ".> LEAN_PATH=/Users/ember/dev/breadstuffs/orb-compiler/.lake/build/lib/lean /Users/ember/.elan/toolchains/leanprover--lean4---v4.30.0/bin/lean /Users/ember/dev/breadstuffs/orb-compiler/Pancake/ServeCompose.lean -o /Users/ember/dev/breadstuffs/orb-compiler/.lake/build/lib/lean/Pancake/ServeCompose.olean -i /Users/ember/dev/breadstuffs/orb-compiler/.lake/build/lib/lean/Pancake/ServeCompose.ilean -c /Users/ember/dev/breadstuffs/orb-compiler/.lake/build/ir/Pancake/ServeCompose.c --setup /Users/ember/dev/breadstuffs/orb-compiler/.lake/build/ir/Pancake/ServeCompose.setup.json --json",
   "level": "trace"},
  {"message":
   "Pancake/ServeCompose.lean:962:0: 'Pancake.ServeCompose.denoteStep_seqAll' depends on axioms: [propext]",
   "level": "info"},
  {"message":
   "Pancake/ServeCompose.lean:963:0: 'Pancake.ServeCompose.denote_seqAll' depends on axioms: [propext]",
   "level": "info"},
  {"message":
   "Pancake/ServeCompose.lean:964:0: 'Pancake.ServeCompose.denoteStep_haltFree' depends on axioms: [propext]",
   "level": "info"},
  {"message":
   "Pancake/ServeCompose.lean:965:0: 'Pancake.ServeCompose.haltFree_seqAll' depends on axioms: [propext]",
   "level": "info"},
  {"message":
   "Pancake/ServeCompose.lean:966:0: 'Pancake.ServeCompose.denoteStep_stampChain' depends on axioms: [propext]",
   "level": "info"},
  {"message":
   "Pancake/ServeCompose.lean:967:0: 'Pancake.ServeCompose.denote_stampChain' depends on axioms: [propext]",
   "level": "info"},
  {"message":
   "Pancake/ServeCompose.lean:968:0: 'Pancake.ServeCompose.denoteStep_gateChain' depends on axioms: [propext, Quot.sound]",
   "level": "info"},
  {"message":
   "Pancake/ServeCompose.lean:969:0: 'Pancake.ServeCompose.denote_gateChain' depends on axioms: [propext, Quot.sound]",
   "level": "info"},
  {"message":
   "Pancake/ServeCompose.lean:970:0: 'Pancake.ServeCompose.dRunPipeline_pass' does not depend on any axioms",
   "level": "info"},
  {"message":
   "Pancake/ServeCompose.lean:971:0: 'Pancake.ServeCompose.dRunResp_eq_denoteStep_seqAll' depends on axioms: [propext, Quot.sound]",
   "level": "info"},
  {"message":
   "Pancake/ServeCompose.lean:972:0: 'Pancake.ServeCompose.realizes_dGate' depends on axioms: [propext]",
   "level": "info"},
  {"message":
   "Pancake/ServeCompose.lean:973:0: 'Pancake.ServeCompose.realizes_dCondStamp' depends on axioms: [propext]",
   "level": "info"},
  {"message":
   "Pancake/ServeCompose.lean:974:0: 'Pancake.ServeCompose.realizes_dStampList' depends on axioms: [propext]",
   "level": "info"},
  {"message":
   "Pancake/ServeCompose.lean:975:0: 'Pancake.ServeCompose.denote_serveProg_pass' depends on axioms: [propext, Quot.sound]",
   "level": "info"},
  {"message":
   "Pancake/ServeCompose.lean:976:0: 'Pancake.ServeCompose.denote_serveProg_fire' depends on axioms: [propext, Quot.sound]",
   "level": "info"},
  {"message":
   "Pancake/ServeCompose.lean:977:0: 'Pancake.ServeCompose.serveProg_compile2_correct' depends on axioms: [propext, Quot.sound]",
   "level": "info"},
  {"message":
   "Pancake/ServeCompose.lean:978:0: 'Pancake.ServeCompose.deployServeProg_pass' depends on axioms: [propext, Quot.sound]",
   "level": "info"},
  {"message":
   "Pancake/ServeCompose.lean:979:0: 'Pancake.ServeCompose.wit_compose' depends on axioms: [propext, Quot.sound]",
   "level": "info"}],
 "inputs":
 [["Pancake.ServeCompose:deps",
   [["deps",
     [["«orb-compiler»/Pancake:extraDep",
       [["@«orb-compiler»:extraDep", "00000000000006bb"]]],
      ["imports",
       [["Pancake.StageMore transitive imports (legacy)", "1a33e176e2239419"],
        ["Pancake.StageMore:importAllArts", "6c91a84ee1b37891"],
        ["Pancake.StageEvenMore transitive imports (legacy)",
         "1a33e176e2239419"],
        ["Pancake.StageEvenMore:importAllArts", "d706e5840e858758"]]]]],
    ["libs",
     [["import dynlibs", "00000000000006bb"],
      ["package external libraries", "00000000000006bb"],
      ["module dynlibs", "00000000000006bb"],
      ["module plugins", "00000000000006bb"]]]]],
  ["Lean 4.30.0, commit d024af099ca4bf2c86f649261ebf59565dc8c622",
   "2f4703bb19086252"],
  ["/Users/ember/dev/breadstuffs/orb-compiler/Pancake/ServeCompose.lean",
   "85a90d9da63c4ab8"],
  ["options", "00000000000006bb"],
  ["isModule: false", "feefd2a0d3a1847e"],
  ["Module.name: Pancake.ServeCompose", "69a13b3b78f6700d"],
  ["Package.id?: (some orb-compiler)", "0a473b67509a16ae"],
  ["Module.leanArgs: #[]", "00000000000006bb"]],
 "depHash": "e715c8b6ce73fc97"}