{"synthetic": false,
 "schemaVersion": "2025-09-10",
 "outputs":
 {"o": ["5916547a0070c947.olean"],
  "m": false,
  "i": "b57207bbe2ed050f.ilean",
  "c": "c229ba46e4ff7403.c"},
 "log":
 [{"message":
   ".> LEAN_PATH=/Users/ember/dev/breadstuffs/orb-compiler/.lake/build/lib/lean /Users/ember/.elan/toolchains/leanprover--lean4---v4.30.0/bin/lean /Users/ember/dev/breadstuffs/orb-compiler/Pancake/StageYetMore.lean -o /Users/ember/dev/breadstuffs/orb-compiler/.lake/build/lib/lean/Pancake/StageYetMore.olean -i /Users/ember/dev/breadstuffs/orb-compiler/.lake/build/lib/lean/Pancake/StageYetMore.ilean -c /Users/ember/dev/breadstuffs/orb-compiler/.lake/build/ir/Pancake/StageYetMore.c --setup /Users/ember/dev/breadstuffs/orb-compiler/.lake/build/ir/Pancake/StageYetMore.setup.json --json",
   "level": "trace"},
  {"message":
   "Pancake/StageYetMore.lean:728:0: 'Pancake.StageYetMore.denote_refusalGate_fires' depends on axioms: [propext]",
   "level": "info"},
  {"message":
   "Pancake/StageYetMore.lean:729:0: 'Pancake.StageYetMore.denote_refusalGate_passes' depends on axioms: [propext]",
   "level": "info"},
  {"message":
   "Pancake/StageYetMore.lean:730:0: 'Pancake.StageYetMore.denote_refusalGate_halts' depends on axioms: [propext]",
   "level": "info"},
  {"message":
   "Pancake/StageYetMore.lean:731:0: 'Pancake.StageYetMore.traversalGate_pins_deployed' depends on axioms: [propext]",
   "level": "info"},
  {"message":
   "Pancake/StageYetMore.lean:732:0: 'Pancake.StageYetMore.policyGate_pins_deployed' depends on axioms: [propext]",
   "level": "info"},
  {"message":
   "Pancake/StageYetMore.lean:733:0: 'Pancake.StageYetMore.ipFilterGate_pins_deployed' depends on axioms: [propext]",
   "level": "info"},
  {"message":
   "Pancake/StageYetMore.lean:734:0: 'Pancake.StageYetMore.rateGate_pins_deployed' depends on axioms: [propext]",
   "level": "info"},
  {"message":
   "Pancake/StageYetMore.lean:735:0: 'Pancake.StageYetMore.denote_jwtAdminGate_rejects' depends on axioms: [propext]",
   "level": "info"},
  {"message":
   "Pancake/StageYetMore.lean:736:0: 'Pancake.StageYetMore.denote_jwtAdminGate_admits' depends on axioms: [propext]",
   "level": "info"},
  {"message":
   "Pancake/StageYetMore.lean:737:0: 'Pancake.StageYetMore.jwtAdminGate_halts' depends on axioms: [propext]",
   "level": "info"},
  {"message":
   "Pancake/StageYetMore.lean:738:0: 'Pancake.StageYetMore.jwtAdminGate_pins_deployed' depends on axioms: [propext]",
   "level": "info"},
  {"message":
   "Pancake/StageYetMore.lean:739:0: 'Pancake.StageYetMore.denote_gzip_accepts' depends on axioms: [propext]",
   "level": "info"},
  {"message":
   "Pancake/StageYetMore.lean:740:0: 'Pancake.StageYetMore.denote_gzip_declines' depends on axioms: [propext]",
   "level": "info"},
  {"message":
   "Pancake/StageYetMore.lean:741:0: 'Pancake.StageYetMore.denote_htmlRewrite_html' depends on axioms: [propext]",
   "level": "info"},
  {"message":
   "Pancake/StageYetMore.lean:742:0: 'Pancake.StageYetMore.denote_htmlRewrite_other' depends on axioms: [propext]",
   "level": "info"},
  {"message":
   "Pancake/StageYetMore.lean:743:0: 'Pancake.StageYetMore.refusalGate_compile2_correct' depends on axioms: [propext, Quot.sound]",
   "level": "info"},
  {"message":
   "Pancake/StageYetMore.lean:744:0: 'Pancake.StageYetMore.traversalGate_compile2_correct' depends on axioms: [propext, Quot.sound]",
   "level": "info"},
  {"message":
   "Pancake/StageYetMore.lean:745:0: 'Pancake.StageYetMore.policyGate_compile2_correct' depends on axioms: [propext, Quot.sound]",
   "level": "info"},
  {"message":
   "Pancake/StageYetMore.lean:746:0: 'Pancake.StageYetMore.ipFilterGate_compile2_correct' depends on axioms: [propext, Quot.sound]",
   "level": "info"},
  {"message":
   "Pancake/StageYetMore.lean:747:0: 'Pancake.StageYetMore.rateGate_compile2_correct' depends on axioms: [propext, Quot.sound]",
   "level": "info"},
  {"message":
   "Pancake/StageYetMore.lean:748:0: 'Pancake.StageYetMore.jwtAdminGate_compile2_correct' depends on axioms: [propext, Quot.sound]",
   "level": "info"},
  {"message":
   "Pancake/StageYetMore.lean:749:0: 'Pancake.StageYetMore.gzipStage_compile2_correct' depends on axioms: [propext, Quot.sound]",
   "level": "info"},
  {"message":
   "Pancake/StageYetMore.lean:750:0: 'Pancake.StageYetMore.htmlRewriteStage_compile2_correct' depends on axioms: [propext, Quot.sound]",
   "level": "info"}],
 "inputs":
 [["Pancake.StageYetMore:deps",
   [["deps",
     [["«orb-compiler»/Pancake:extraDep",
       [["@«orb-compiler»:extraDep", "00000000000006bb"]]],
      ["imports",
       [["Pancake.StageCompile transitive imports (legacy)",
         "1ff9c60c004f4e5b"],
        ["Pancake.StageCompile:importAllArts", "60822d587f41dbc3"]]]]],
    ["libs",
     [["import dynlibs", "00000000000006bb"],
      ["package external libraries", "00000000000006bb"],
      ["module dynlibs", "00000000000006bb"],
      ["module plugins", "00000000000006bb"]]]]],
  ["Lean 4.30.0, commit d024af099ca4bf2c86f649261ebf59565dc8c622",
   "2f4703bb19086252"],
  ["/Users/ember/dev/breadstuffs/orb-compiler/Pancake/StageYetMore.lean",
   "453957ecdf32477c"],
  ["options", "00000000000006bb"],
  ["isModule: false", "feefd2a0d3a1847e"],
  ["Module.name: Pancake.StageYetMore", "e4e73a080fb2a7e7"],
  ["Package.id?: (some orb-compiler)", "0a473b67509a16ae"],
  ["Module.leanArgs: #[]", "00000000000006bb"]],
 "depHash": "e2fa332bb85efe63"}