{"synthetic": false,
 "schemaVersion": "2025-09-10",
 "outputs":
 {"o": ["5b6534c070cd701a.olean"],
  "m": false,
  "i": "f315af6adcc8fdba.ilean",
  "c": "e6c5dc6650a0c684.c"},
 "log":
 [{"message":
   ".> LEAN_PATH=/Users/ember/dev/breadstuffs/orb-compiler/.lake/build/lib/lean /Users/ember/.elan/toolchains/leanprover--lean4---v4.30.0/bin/lean /Users/ember/dev/breadstuffs/orb-compiler/Pancake/StageLift2Inst.lean -o /Users/ember/dev/breadstuffs/orb-compiler/.lake/build/lib/lean/Pancake/StageLift2Inst.olean -i /Users/ember/dev/breadstuffs/orb-compiler/.lake/build/lib/lean/Pancake/StageLift2Inst.ilean -c /Users/ember/dev/breadstuffs/orb-compiler/.lake/build/ir/Pancake/StageLift2Inst.c --setup /Users/ember/dev/breadstuffs/orb-compiler/.lake/build/ir/Pancake/StageLift2Inst.setup.json --json",
   "level": "trace"},
  {"message":
   "Pancake/StageLift2Inst.lean:784:0: 'Pancake.StageLift2Inst.denoteR_condSetProg' depends on axioms: [propext]",
   "level": "info"},
  {"message":
   "Pancake/StageLift2Inst.lean:785:0: 'Pancake.StageLift2Inst.runChain_condSetSpec' depends on axioms: [propext]",
   "level": "info"},
  {"message":
   "Pancake/StageLift2Inst.lean:786:0: 'Pancake.StageLift2Inst.denoteR_dashType' depends on axioms: [propext]",
   "level": "info"},
  {"message":
   "Pancake/StageLift2Inst.lean:787:0: 'Pancake.StageLift2Inst.runChain_dashType' depends on axioms: [propext]",
   "level": "info"},
  {"message":
   "Pancake/StageLift2Inst.lean:788:0: 'Pancake.StageLift2Inst.denoteR_spaType' depends on axioms: [propext]",
   "level": "info"},
  {"message":
   "Pancake/StageLift2Inst.lean:789:0: 'Pancake.StageLift2Inst.runChain_spaType' depends on axioms: [propext]",
   "level": "info"},
  {"message":
   "Pancake/StageLift2Inst.lean:790:0: 'Pancake.StageLift2Inst.denoteR_sseHead' depends on axioms: [propext]",
   "level": "info"},
  {"message":
   "Pancake/StageLift2Inst.lean:791:0: 'Pancake.StageLift2Inst.runChain_sseHead' depends on axioms: [propext]",
   "level": "info"},
  {"message":
   "Pancake/StageLift2Inst.lean:792:0: 'Pancake.StageLift2Inst.denoteR_setCookie' depends on axioms: [propext]",
   "level": "info"},
  {"message":
   "Pancake/StageLift2Inst.lean:793:0: 'Pancake.StageLift2Inst.runChain_setCookie' depends on axioms: [propext]",
   "level": "info"},
  {"message":
   "Pancake/StageLift2Inst.lean:794:0: 'Pancake.StageLift2Inst.denoteR_rid' depends on axioms: [propext]",
   "level": "info"},
  {"message":
   "Pancake/StageLift2Inst.lean:795:0: 'Pancake.StageLift2Inst.runChain_rid' depends on axioms: [propext]",
   "level": "info"},
  {"message":
   "Pancake/StageLift2Inst.lean:796:0: 'Pancake.StageLift2Inst.denoteR_proxyProto' depends on axioms: [propext]",
   "level": "info"},
  {"message":
   "Pancake/StageLift2Inst.lean:797:0: 'Pancake.StageLift2Inst.runChain_proxyProto' depends on axioms: [propext]",
   "level": "info"},
  {"message":
   "Pancake/StageLift2Inst.lean:798:0: 'Pancake.StageLift2Inst.denoteR_cors' depends on axioms: [propext]",
   "level": "info"},
  {"message":
   "Pancake/StageLift2Inst.lean:799:0: 'Pancake.StageLift2Inst.runChain_cors' depends on axioms: [propext]",
   "level": "info"},
  {"message":
   "Pancake/StageLift2Inst.lean:800:0: 'Pancake.StageLift2Inst.denoteR_date' depends on axioms: [propext]",
   "level": "info"},
  {"message":
   "Pancake/StageLift2Inst.lean:801:0: 'Pancake.StageLift2Inst.runChain_date' depends on axioms: [propext]",
   "level": "info"},
  {"message":
   "Pancake/StageLift2Inst.lean:802:0: 'Pancake.StageLift2Inst.denoteR_securityHeaders' depends on axioms: [propext]",
   "level": "info"},
  {"message":
   "Pancake/StageLift2Inst.lean:803:0: 'Pancake.StageLift2Inst.runChain_securityHeaders' depends on axioms: [propext]",
   "level": "info"},
  {"message":
   "Pancake/StageLift2Inst.lean:804:0: 'Pancake.StageLift2Inst.denoteR_langStamp' depends on axioms: [propext]",
   "level": "info"},
  {"message":
   "Pancake/StageLift2Inst.lean:805:0: 'Pancake.StageLift2Inst.runChain_langStamp' depends on axioms: [propext]",
   "level": "info"},
  {"message":
   "Pancake/StageLift2Inst.lean:806:0: 'Pancake.StageLift2Inst.runChain_methodFilter' depends on axioms: [propext]",
   "level": "info"},
  {"message":
   "Pancake/StageLift2Inst.lean:807:0: 'Pancake.StageLift2Inst.runChain_ipFilter' depends on axioms: [propext]",
   "level": "info"},
  {"message":
   "Pancake/StageLift2Inst.lean:808:0: 'Pancake.StageLift2Inst.runChain_bodyLimit' depends on axioms: [propext]",
   "level": "info"},
  {"message":
   "Pancake/StageLift2Inst.lean:809:0: 'Pancake.StageLift2Inst.runChain_connLimit' depends on axioms: [propext]",
   "level": "info"},
  {"message":
   "Pancake/StageLift2Inst.lean:810:0: 'Pancake.StageLift2Inst.runChain_requestHeadLimit' depends on axioms: [propext]",
   "level": "info"},
  {"message":
   "Pancake/StageLift2Inst.lean:811:0: 'Pancake.StageLift2Inst.runChain_uriTooLong' depends on axioms: [propext]",
   "level": "info"},
  {"message":
   "Pancake/StageLift2Inst.lean:812:0: 'Pancake.StageLift2Inst.runChain_stickTable' depends on axioms: [propext]",
   "level": "info"},
  {"message":
   "Pancake/StageLift2Inst.lean:813:0: 'Pancake.StageLift2Inst.runChain_rate' depends on axioms: [propext]",
   "level": "info"},
  {"message":
   "Pancake/StageLift2Inst.lean:814:0: 'Pancake.StageLift2Inst.runChain_slowloris' depends on axioms: [propext]",
   "level": "info"},
  {"message":
   "Pancake/StageLift2Inst.lean:815:0: 'Pancake.StageLift2Inst.runChain_modifiedSince' depends on axioms: [propext]",
   "level": "info"},
  {"message":
   "Pancake/StageLift2Inst.lean:816:0: 'Pancake.StageLift2Inst.runChain_hostAllowlist' depends on axioms: [propext]",
   "level": "info"},
  {"message":
   "Pancake/StageLift2Inst.lean:817:0: 'Pancake.StageLift2Inst.runChain_jwt' depends on axioms: [propext]",
   "level": "info"},
  {"message":
   "Pancake/StageLift2Inst.lean:818:0: 'Pancake.StageLift2Inst.runChain_basicAuth' depends on axioms: [propext]",
   "level": "info"},
  {"message":
   "Pancake/StageLift2Inst.lean:819:0: 'Pancake.StageLift2Inst.runChain_authRequest' depends on axioms: [propext]",
   "level": "info"},
  {"message":
   "Pancake/StageLift2Inst.lean:820:0: 'Pancake.StageLift2Inst.runChain_forwardAuth' depends on axioms: [propext]",
   "level": "info"},
  {"message":
   "Pancake/StageLift2Inst.lean:821:0: 'Pancake.StageLift2Inst.runChain_framingValidation' depends on axioms: [propext]",
   "level": "info"},
  {"message":
   "Pancake/StageLift2Inst.lean:822:0: 'Pancake.StageLift2Inst.runChain_requestValidation' depends on axioms: [propext]",
   "level": "info"},
  {"message":
   "Pancake/StageLift2Inst.lean:823:0: 'Pancake.StageLift2Inst.securityHeaders_on_methodRefusal' depends on axioms: [propext]",
   "level": "info"},
  {"message":
   "Pancake/StageLift2Inst.lean:824:0: 'Pancake.StageLift2Inst.date_on_authRefusal' depends on axioms: [propext]",
   "level": "info"}],
 "inputs":
 [["Pancake.StageLift2Inst:deps",
   [["deps",
     [["«orb-compiler»/Pancake:extraDep",
       [["@«orb-compiler»:extraDep", "00000000000006bb"]]],
      ["imports",
       [["Pancake.StageLift2 transitive imports (legacy)", "0316034a1bf71a8b"],
        ["Pancake.StageLift2:importAllArts", "d45a6e3eb94ffe82"]]]]],
    ["libs",
     [["import dynlibs", "00000000000006bb"],
      ["package external libraries", "00000000000006bb"],
      ["module dynlibs", "00000000000006bb"],
      ["module plugins", "00000000000006bb"]]]]],
  ["Lean 4.30.0, commit d024af099ca4bf2c86f649261ebf59565dc8c622",
   "2f4703bb19086252"],
  ["/Users/ember/dev/breadstuffs/orb-compiler/Pancake/StageLift2Inst.lean",
   "bfa1d092509fc8a0"],
  ["options", "00000000000006bb"],
  ["isModule: false", "feefd2a0d3a1847e"],
  ["Module.name: Pancake.StageLift2Inst", "dcb60e63ab6591d9"],
  ["Package.id?: (some orb-compiler)", "0a473b67509a16ae"],
  ["Module.leanArgs: #[]", "00000000000006bb"]],
 "depHash": "e08b392b1e77295b"}