{"synthetic": false,
 "schemaVersion": "2025-09-10",
 "outputs":
 {"o": ["77ada8faa8e08547.olean"],
  "m": false,
  "i": "72687fa3ca394264.ilean",
  "c": "f33d62b98da35967.c"},
 "log":
 [{"message":
   ".> LEAN_PATH=/Users/ember/dev/breadstuffs/orb-compiler/.lake/build/lib/lean /Users/ember/.elan/toolchains/leanprover--lean4---v4.30.0/bin/lean /Users/ember/dev/breadstuffs/orb-compiler/Pancake/StageLiftGate.lean -o /Users/ember/dev/breadstuffs/orb-compiler/.lake/build/lib/lean/Pancake/StageLiftGate.olean -i /Users/ember/dev/breadstuffs/orb-compiler/.lake/build/lib/lean/Pancake/StageLiftGate.ilean -c /Users/ember/dev/breadstuffs/orb-compiler/.lake/build/ir/Pancake/StageLiftGate.c --setup /Users/ember/dev/breadstuffs/orb-compiler/.lake/build/ir/Pancake/StageLiftGate.setup.json --json",
   "level": "trace"},
  {"message":
   "Pancake/StageLiftGate.lean:693:0: 'Pancake.StageLiftGate.denote_gate_status_general' depends on axioms: [propext, Quot.sound]",
   "level": "info"},
  {"message":
   "Pancake/StageLiftGate.lean:694:0: 'Pancake.StageLiftGate.denoteStep_addHeaders' depends on axioms: [propext]",
   "level": "info"},
  {"message":
   "Pancake/StageLiftGate.lean:695:0: 'Pancake.StageLiftGate.denoteStep_payload' depends on axioms: [propext]",
   "level": "info"},
  {"message":
   "Pancake/StageLiftGate.lean:696:0: 'Pancake.StageLiftGate.denote_gateChain_exact' depends on axioms: [propext]",
   "level": "info"},
  {"message":
   "Pancake/StageLiftGate.lean:697:0: 'Pancake.StageLiftGate.denote_gateChain' depends on axioms: [propext, Quot.sound]",
   "level": "info"},
  {"message":
   "Pancake/StageLiftGate.lean:698:0: 'Pancake.StageLiftGate.denote_gateWith' depends on axioms: [propext, Quot.sound]",
   "level": "info"},
  {"message":
   "Pancake/StageLiftGate.lean:699:0: 'Pancake.StageLiftGate.gateChain_short_circuits' depends on axioms: [propext]",
   "level": "info"},
  {"message":
   "Pancake/StageLiftGate.lean:700:0: 'Pancake.StageLiftGate.gateChain_compile2_correct' depends on axioms: [propext, Quot.sound]",
   "level": "info"},
  {"message":
   "Pancake/StageLiftGate.lean:701:0: 'Pancake.StageLiftGate.lift_methodFilter' depends on axioms: [propext, Quot.sound]",
   "level": "info"},
  {"message":
   "Pancake/StageLiftGate.lean:702:0: 'Pancake.StageLiftGate.lift_ipFilter' depends on axioms: [propext, Quot.sound]",
   "level": "info"},
  {"message":
   "Pancake/StageLiftGate.lean:703:0: 'Pancake.StageLiftGate.lift_bodyLimit' depends on axioms: [propext, Quot.sound]",
   "level": "info"},
  {"message":
   "Pancake/StageLiftGate.lean:704:0: 'Pancake.StageLiftGate.lift_connLimit' depends on axioms: [propext, Quot.sound]",
   "level": "info"},
  {"message":
   "Pancake/StageLiftGate.lean:705:0: 'Pancake.StageLiftGate.lift_requestHeadLimit' depends on axioms: [propext, Quot.sound]",
   "level": "info"},
  {"message":
   "Pancake/StageLiftGate.lean:706:0: 'Pancake.StageLiftGate.lift_uriTooLong' depends on axioms: [propext, Quot.sound]",
   "level": "info"},
  {"message":
   "Pancake/StageLiftGate.lean:707:0: 'Pancake.StageLiftGate.lift_stickTable' depends on axioms: [propext, Quot.sound]",
   "level": "info"},
  {"message":
   "Pancake/StageLiftGate.lean:708:0: 'Pancake.StageLiftGate.lift_rate' depends on axioms: [propext, Quot.sound]",
   "level": "info"},
  {"message":
   "Pancake/StageLiftGate.lean:709:0: 'Pancake.StageLiftGate.lift_slowloris' depends on axioms: [propext, Quot.sound]",
   "level": "info"},
  {"message":
   "Pancake/StageLiftGate.lean:710:0: 'Pancake.StageLiftGate.lift_modifiedSince' depends on axioms: [propext, Quot.sound]",
   "level": "info"},
  {"message":
   "Pancake/StageLiftGate.lean:711:0: 'Pancake.StageLiftGate.lift_hostAllowlist' depends on axioms: [propext, Quot.sound]",
   "level": "info"},
  {"message":
   "Pancake/StageLiftGate.lean:712:0: 'Pancake.StageLiftGate.lift_jwt' depends on axioms: [propext, Quot.sound]",
   "level": "info"},
  {"message":
   "Pancake/StageLiftGate.lean:713:0: 'Pancake.StageLiftGate.lift_basicAuth' depends on axioms: [propext, Quot.sound]",
   "level": "info"},
  {"message":
   "Pancake/StageLiftGate.lean:714:0: 'Pancake.StageLiftGate.lift_authRequest' depends on axioms: [propext, Quot.sound]",
   "level": "info"},
  {"message":
   "Pancake/StageLiftGate.lean:715:0: 'Pancake.StageLiftGate.lift_forwardAuth' depends on axioms: [propext, Quot.sound]",
   "level": "info"},
  {"message":
   "Pancake/StageLiftGate.lean:716:0: 'Pancake.StageLiftGate.lift_framingValidation' depends on axioms: [propext, Quot.sound]",
   "level": "info"},
  {"message":
   "Pancake/StageLiftGate.lean:717:0: 'Pancake.StageLiftGate.lift_requestValidation' depends on axioms: [propext, Quot.sound]",
   "level": "info"},
  {"message":
   "Pancake/StageLiftGate.lean:718:0: 'Pancake.StageLiftGate.lift_status_all' depends on axioms: [propext, Quot.sound]",
   "level": "info"},
  {"message":
   "Pancake/StageLiftGate.lean:719:0: 'Pancake.StageLiftGate.lift_status_forwardDeny' depends on axioms: [propext, Quot.sound]",
   "level": "info"}],
 "inputs":
 [["Pancake.StageLiftGate:deps",
   [["deps",
     [["«orb-compiler»/Pancake:extraDep",
       [["@«orb-compiler»:extraDep", "00000000000006bb"]]],
      ["imports",
       [["Pancake.StageCompile transitive imports (legacy)",
         "1ff9c60c004f4e5b"],
        ["Pancake.StageCompile:importAllArts", "60822d587f41dbc3"]]]]],
    ["libs",
     [["import dynlibs", "00000000000006bb"],
      ["package external libraries", "00000000000006bb"],
      ["module dynlibs", "00000000000006bb"],
      ["module plugins", "00000000000006bb"]]]]],
  ["Lean 4.30.0, commit d024af099ca4bf2c86f649261ebf59565dc8c622",
   "2f4703bb19086252"],
  ["/Users/ember/dev/breadstuffs/orb-compiler/Pancake/StageLiftGate.lean",
   "a66f28265ec3e69c"],
  ["options", "00000000000006bb"],
  ["isModule: false", "feefd2a0d3a1847e"],
  ["Module.name: Pancake.StageLiftGate", "ffc57635241598bd"],
  ["Package.id?: (some orb-compiler)", "0a473b67509a16ae"],
  ["Module.leanArgs: #[]", "00000000000006bb"]],
 "depHash": "9f93883da873e19d"}