{"synthetic": false,
 "schemaVersion": "2025-09-10",
 "outputs":
 {"o": ["5272bcb5147b764b.olean"],
  "m": false,
  "i": "cc077b1403e39c58.ilean",
  "c": "9ee5d1d211644b75.c"},
 "log":
 [{"message":
   ".> LEAN_PATH=/Users/ember/dev/breadstuffs/orb-compiler/.lake/build/lib/lean /Users/ember/.elan/toolchains/leanprover--lean4---v4.30.0/bin/lean /Users/ember/dev/breadstuffs/orb-compiler/Pancake/StageMore.lean -o /Users/ember/dev/breadstuffs/orb-compiler/.lake/build/lib/lean/Pancake/StageMore.olean -i /Users/ember/dev/breadstuffs/orb-compiler/.lake/build/lib/lean/Pancake/StageMore.ilean -c /Users/ember/dev/breadstuffs/orb-compiler/.lake/build/ir/Pancake/StageMore.c --setup /Users/ember/dev/breadstuffs/orb-compiler/.lake/build/ir/Pancake/StageMore.setup.json --json",
   "level": "trace"},
  {"message":
   "Pancake/StageMore.lean:281:0: 'Pancake.StageMore.denote_hsts' depends on axioms: [propext]",
   "level": "info"},
  {"message":
   "Pancake/StageMore.lean:282:0: 'Pancake.StageMore.denote_cors_allow' depends on axioms: [propext]",
   "level": "info"},
  {"message":
   "Pancake/StageMore.lean:283:0: 'Pancake.StageMore.denote_cors_deny' depends on axioms: [propext]",
   "level": "info"},
  {"message":
   "Pancake/StageMore.lean:284:0: 'Pancake.StageMore.denote_via_present' depends on axioms: [propext]",
   "level": "info"},
  {"message":
   "Pancake/StageMore.lean:285:0: 'Pancake.StageMore.denote_via_absent' depends on axioms: [propext]",
   "level": "info"},
  {"message":
   "Pancake/StageMore.lean:286:0: 'Pancake.StageMore.hsts_compile2_correct' depends on axioms: [propext, Quot.sound]",
   "level": "info"},
  {"message":
   "Pancake/StageMore.lean:287:0: 'Pancake.StageMore.cors_compile2_correct' depends on axioms: [propext, Quot.sound]",
   "level": "info"},
  {"message":
   "Pancake/StageMore.lean:288:0: 'Pancake.StageMore.via_compile2_correct' depends on axioms: [propext, Quot.sound]",
   "level": "info"}],
 "inputs":
 [["Pancake.StageMore:deps",
   [["deps",
     [["«orb-compiler»/Pancake:extraDep",
       [["@«orb-compiler»:extraDep", "00000000000006bb"]]],
      ["imports",
       [["Pancake.StageCompile transitive imports (legacy)",
         "1ff9c60c004f4e5b"],
        ["Pancake.StageCompile:importAllArts", "60822d587f41dbc3"]]]]],
    ["libs",
     [["import dynlibs", "00000000000006bb"],
      ["package external libraries", "00000000000006bb"],
      ["module dynlibs", "00000000000006bb"],
      ["module plugins", "00000000000006bb"]]]]],
  ["Lean 4.30.0, commit d024af099ca4bf2c86f649261ebf59565dc8c622",
   "2f4703bb19086252"],
  ["/Users/ember/dev/breadstuffs/orb-compiler/Pancake/StageMore.lean",
   "940d50ee1fa26b4b"],
  ["options", "00000000000006bb"],
  ["isModule: false", "feefd2a0d3a1847e"],
  ["Module.name: Pancake.StageMore", "32dabec34a498b87"],
  ["Package.id?: (some orb-compiler)", "0a473b67509a16ae"],
  ["Module.leanArgs: #[]", "00000000000006bb"]],
 "depHash": "70517ea30e225ada"}