{"synthetic": false,
 "schemaVersion": "2025-09-10",
 "outputs":
 {"o": ["3e902057a5cbc121.olean"],
  "m": false,
  "i": "8e1236a4ced7438a.ilean",
  "c": "c2fd26c8c5c6a315.c"},
 "log":
 [{"message":
   ".> LEAN_PATH=/Users/ember/dev/breadstuffs/orb-compiler/.lake/build/lib/lean /Users/ember/.elan/toolchains/leanprover--lean4---v4.30.0/bin/lean /Users/ember/dev/breadstuffs/orb-compiler/Pancake/StageLift2.lean -o /Users/ember/dev/breadstuffs/orb-compiler/.lake/build/lib/lean/Pancake/StageLift2.olean -i /Users/ember/dev/breadstuffs/orb-compiler/.lake/build/lib/lean/Pancake/StageLift2.ilean -c /Users/ember/dev/breadstuffs/orb-compiler/.lake/build/ir/Pancake/StageLift2.c --setup /Users/ember/dev/breadstuffs/orb-compiler/.lake/build/ir/Pancake/StageLift2.setup.json --json",
   "level": "trace"},
  {"message":
   "Pancake/StageLift2.lean:444:0: 'Pancake.StageLift2.denoteR_addHeadersR' depends on axioms: [propext]",
   "level": "info"},
  {"message":
   "Pancake/StageLift2.lean:445:0: 'Pancake.StageLift2.denoteR_stampProg' does not depend on any axioms",
   "level": "info"},
  {"message":
   "Pancake/StageLift2.lean:446:0: 'Pancake.StageLift2.denoteR_alwaysStamp' does not depend on any axioms",
   "level": "info"},
  {"message":
   "Pancake/StageLift2.lean:447:0: 'Pancake.StageLift2.runChain_stampSpec' depends on axioms: [propext]",
   "level": "info"},
  {"message":
   "Pancake/StageLift2.lean:448:0: 'Pancake.StageLift2.runChain_stampSetSpec' depends on axioms: [propext]",
   "level": "info"},
  {"message":
   "Pancake/StageLift2.lean:449:0: 'Pancake.StageLift2.denoteR_refusalProg' depends on axioms: [propext]",
   "level": "info"},
  {"message":
   "Pancake/StageLift2.lean:450:0: 'Pancake.StageLift2.runChain_gateSpec' depends on axioms: [propext]",
   "level": "info"},
  {"message":
   "Pancake/StageLift2.lean:451:0: 'Pancake.StageLift2.runChain_gateChainSpec' depends on axioms: [propext]",
   "level": "info"},
  {"message":
   "Pancake/StageLift2.lean:452:0: 'Pancake.StageLift2.stamp_carries_on_gate_refusal' depends on axioms: [propext]",
   "level": "info"},
  {"message":
   "Pancake/StageLift2.lean:453:0: 'Pancake.StageLift2.stampSet_carries_on_gate_refusal' depends on axioms: [propext]",
   "level": "info"}],
 "inputs":
 [["Pancake.StageLift2:deps",
   [["deps",
     [["«orb-compiler»/Pancake:extraDep",
       [["@«orb-compiler»:extraDep", "00000000000006bb"]]],
      ["imports",
       [["Pancake.StageProg2 transitive imports (legacy)", "1a33e176e2239419"],
        ["Pancake.StageProg2:importAllArts", "3b345ce8a93916a0"]]]]],
    ["libs",
     [["import dynlibs", "00000000000006bb"],
      ["package external libraries", "00000000000006bb"],
      ["module dynlibs", "00000000000006bb"],
      ["module plugins", "00000000000006bb"]]]]],
  ["Lean 4.30.0, commit d024af099ca4bf2c86f649261ebf59565dc8c622",
   "2f4703bb19086252"],
  ["/Users/ember/dev/breadstuffs/orb-compiler/Pancake/StageLift2.lean",
   "b247968075a187f1"],
  ["options", "00000000000006bb"],
  ["isModule: false", "feefd2a0d3a1847e"],
  ["Module.name: Pancake.StageLift2", "78a582605b85a197"],
  ["Package.id?: (some orb-compiler)", "0a473b67509a16ae"],
  ["Module.leanArgs: #[]", "00000000000006bb"]],
 "depHash": "867b17762f4647b4"}