{"synthetic": false,
 "schemaVersion": "2025-09-10",
 "outputs":
 {"o": ["b3ffe3c1faeb0438.olean"],
  "m": false,
  "i": "30195677100d28a6.ilean",
  "c": "9edb42cc43c6b8a8.c"},
 "log":
 [{"message":
   ".> LEAN_PATH=/Users/ember/dev/breadstuffs/orb-compiler/.lake/build/lib/lean /Users/ember/.elan/toolchains/leanprover--lean4---v4.30.0/bin/lean /Users/ember/dev/breadstuffs/orb-compiler/Pancake/StageLift2Cond.lean -o /Users/ember/dev/breadstuffs/orb-compiler/.lake/build/lib/lean/Pancake/StageLift2Cond.olean -i /Users/ember/dev/breadstuffs/orb-compiler/.lake/build/lib/lean/Pancake/StageLift2Cond.ilean -c /Users/ember/dev/breadstuffs/orb-compiler/.lake/build/ir/Pancake/StageLift2Cond.c --setup /Users/ember/dev/breadstuffs/orb-compiler/.lake/build/ir/Pancake/StageLift2Cond.setup.json --json",
   "level": "trace"},
  {"message":
   "Pancake/StageLift2Cond.lean:484:0: 'Pancake.StageLift2Cond.denoteR_stampProgR' does not depend on any axioms",
   "level": "info"},
  {"message":
   "Pancake/StageLift2Cond.lean:485:0: 'Pancake.StageLift2Cond.runChain_stampSpecR' depends on axioms: [propext]",
   "level": "info"},
  {"message":
   "Pancake/StageLift2Cond.lean:486:0: 'Pancake.StageLift2Cond.condRespStamp_carries_on_gate_refusal' depends on axioms: [propext]",
   "level": "info"},
  {"message":
   "Pancake/StageLift2Cond.lean:488:0: 'Pancake.StageLift2Cond.denoteR_warning' depends on axioms: [propext]",
   "level": "info"},
  {"message":
   "Pancake/StageLift2Cond.lean:489:0: 'Pancake.StageLift2Cond.denoteR_link' depends on axioms: [propext]",
   "level": "info"},
  {"message":
   "Pancake/StageLift2Cond.lean:490:0: 'Pancake.StageLift2Cond.denoteR_cacheControl' depends on axioms: [propext]",
   "level": "info"},
  {"message":
   "Pancake/StageLift2Cond.lean:491:0: 'Pancake.StageLift2Cond.denoteR_expires' depends on axioms: [propext]",
   "level": "info"},
  {"message":
   "Pancake/StageLift2Cond.lean:492:0: 'Pancake.StageLift2Cond.denoteR_immutable' depends on axioms: [propext]",
   "level": "info"},
  {"message":
   "Pancake/StageLift2Cond.lean:493:0: 'Pancake.StageLift2Cond.denoteR_lastModified' depends on axioms: [propext]",
   "level": "info"},
  {"message":
   "Pancake/StageLift2Cond.lean:494:0: 'Pancake.StageLift2Cond.denoteR_retryAfter' depends on axioms: [propext]",
   "level": "info"},
  {"message":
   "Pancake/StageLift2Cond.lean:495:0: 'Pancake.StageLift2Cond.denoteR_contentLocation' depends on axioms: [propext]",
   "level": "info"},
  {"message":
   "Pancake/StageLift2Cond.lean:497:0: 'Pancake.StageLift2Cond.runChain_warning' depends on axioms: [propext]",
   "level": "info"},
  {"message":
   "Pancake/StageLift2Cond.lean:498:0: 'Pancake.StageLift2Cond.runChain_link' depends on axioms: [propext]",
   "level": "info"},
  {"message":
   "Pancake/StageLift2Cond.lean:499:0: 'Pancake.StageLift2Cond.runChain_cacheControl' depends on axioms: [propext]",
   "level": "info"},
  {"message":
   "Pancake/StageLift2Cond.lean:500:0: 'Pancake.StageLift2Cond.runChain_expires' depends on axioms: [propext]",
   "level": "info"},
  {"message":
   "Pancake/StageLift2Cond.lean:501:0: 'Pancake.StageLift2Cond.runChain_immutable' depends on axioms: [propext]",
   "level": "info"},
  {"message":
   "Pancake/StageLift2Cond.lean:502:0: 'Pancake.StageLift2Cond.runChain_lastModified' depends on axioms: [propext]",
   "level": "info"},
  {"message":
   "Pancake/StageLift2Cond.lean:503:0: 'Pancake.StageLift2Cond.runChain_retryAfter' depends on axioms: [propext]",
   "level": "info"},
  {"message":
   "Pancake/StageLift2Cond.lean:504:0: 'Pancake.StageLift2Cond.runChain_contentLocation' depends on axioms: [propext]",
   "level": "info"},
  {"message":
   "Pancake/StageLift2Cond.lean:506:0: 'Pancake.StageLift2Cond.compile_statusStamp' depends on axioms: [propext, Quot.sound]",
   "level": "info"},
  {"message":
   "Pancake/StageLift2Cond.lean:507:0: 'Pancake.StageLift2Cond.compile_staticStatusStamp' depends on axioms: [propext, Quot.sound]",
   "level": "info"}],
 "inputs":
 [["Pancake.StageLift2Cond:deps",
   [["deps",
     [["«orb-compiler»/Pancake:extraDep",
       [["@«orb-compiler»:extraDep", "00000000000006bb"]]],
      ["imports",
       [["Pancake.StageLift2Inst transitive imports (legacy)",
         "6186c680ce388ac0"],
        ["Pancake.StageLift2Inst:importAllArts", "6db075d4e47539bc"]]]]],
    ["libs",
     [["import dynlibs", "00000000000006bb"],
      ["package external libraries", "00000000000006bb"],
      ["module dynlibs", "00000000000006bb"],
      ["module plugins", "00000000000006bb"]]]]],
  ["Lean 4.30.0, commit d024af099ca4bf2c86f649261ebf59565dc8c622",
   "2f4703bb19086252"],
  ["/Users/ember/dev/breadstuffs/orb-compiler/Pancake/StageLift2Cond.lean",
   "6fac728fe2fd0265"],
  ["options", "00000000000006bb"],
  ["isModule: false", "feefd2a0d3a1847e"],
  ["Module.name: Pancake.StageLift2Cond", "ae5869904158eae1"],
  ["Package.id?: (some orb-compiler)", "0a473b67509a16ae"],
  ["Module.leanArgs: #[]", "00000000000006bb"]],
 "depHash": "d47115a00a77f854"}