{"synthetic": false,
 "schemaVersion": "2025-09-10",
 "outputs":
 {"o": ["38154852932a7f02.olean"],
  "m": false,
  "i": "c19265d49a9828ee.ilean",
  "c": "38501cff98aa47fd.c"},
 "log":
 [{"message":
   ".> LEAN_PATH=/Users/ember/dev/breadstuffs/orb-compiler/.lake/build/lib/lean /Users/ember/.elan/toolchains/leanprover--lean4---v4.30.0/bin/lean /Users/ember/dev/breadstuffs/orb-compiler/Pancake/StageCompile.lean -o /Users/ember/dev/breadstuffs/orb-compiler/.lake/build/lib/lean/Pancake/StageCompile.olean -i /Users/ember/dev/breadstuffs/orb-compiler/.lake/build/lib/lean/Pancake/StageCompile.ilean -c /Users/ember/dev/breadstuffs/orb-compiler/.lake/build/ir/Pancake/StageCompile.c --setup /Users/ember/dev/breadstuffs/orb-compiler/.lake/build/ir/Pancake/StageCompile.setup.json --json",
   "level": "trace"},
  {"message":
   "Pancake/StageCompile.lean:288:27: This simp argument is unused:\n  hh\n\nHint: Omit it from the simp argument list.\n  simp only [h̵h̵,̵ ̵if_true]\n\nNote: This linter can be disabled with `set_option linter.unusedSimpArgs false`",
   "level": "warning"},
  {"message":
   "Pancake/StageCompile.lean:316:27: This simp argument is unused:\n  hh\n\nHint: Omit it from the simp argument list.\n  simp only [h̵h̵,̵ ̵if_true]\n\nNote: This linter can be disabled with `set_option linter.unusedSimpArgs false`",
   "level": "warning"},
  {"message":
   "Pancake/StageCompile.lean:336:27: This simp argument is unused:\n  hh\n\nHint: Omit it from the simp argument list.\n  simp only [h̵h̵,̵ ̵if_true]\n\nNote: This linter can be disabled with `set_option linter.unusedSimpArgs false`",
   "level": "warning"},
  {"message":
   "Pancake/StageCompile.lean:436:29: This simp argument is unused:\n  hh\n\nHint: Omit it from the simp argument list.\n  simp only [h̵h̵,̵ ̵if_true]\n\nNote: This linter can be disabled with `set_option linter.unusedSimpArgs false`",
   "level": "warning"},
  {"message":
   "Pancake/StageCompile.lean:460:29: This simp argument is unused:\n  hh\n\nHint: Omit it from the simp argument list.\n  simp only [h̵h̵,̵ ̵if_true]\n\nNote: This linter can be disabled with `set_option linter.unusedSimpArgs false`",
   "level": "warning"},
  {"message":
   "Pancake/StageCompile.lean:597:0: 'Pancake.StageCompile.compile2_correct' depends on axioms: [propext, Quot.sound]",
   "level": "info"},
  {"message":
   "Pancake/StageCompile.lean:598:0: 'Pancake.StageCompile.compile2_correct_forall_cfg' depends on axioms: [propext, Quot.sound]",
   "level": "info"},
  {"message":
   "Pancake/StageCompile.lean:599:0: 'Pancake.StageCompile.redirect_compile2_correct' depends on axioms: [propext, Quot.sound]",
   "level": "info"},
  {"message":
   "Pancake/StageCompile.lean:600:0: 'Pancake.StageCompile.ofNat_add_unc' depends on axioms: [propext, Quot.sound]",
   "level": "info"},
  {"message":
   "Pancake/StageCompile.lean:601:0: 'Pancake.StageCompile.ofNat_add_unc' depends on axioms: [propext, Quot.sound]",
   "level": "info"}],
 "inputs":
 [["Pancake.StageCompile:deps",
   [["deps",
     [["«orb-compiler»/Pancake:extraDep",
       [["@«orb-compiler»:extraDep", "00000000000006bb"]]],
      ["imports",
       [["Pancake.StageProg transitive imports (legacy)", "a205f396b33596e4"],
        ["Pancake.StageProg:importAllArts", "535a9e038acde63b"],
        ["Pancake.StructModel transitive imports (legacy)", "7eb9e7ef4e824d0b"],
        ["Pancake.StructModel:importAllArts", "d7cd7b76b4aaed28"]]]]],
    ["libs",
     [["import dynlibs", "00000000000006bb"],
      ["package external libraries", "00000000000006bb"],
      ["module dynlibs", "00000000000006bb"],
      ["module plugins", "00000000000006bb"]]]]],
  ["Lean 4.30.0, commit d024af099ca4bf2c86f649261ebf59565dc8c622",
   "2f4703bb19086252"],
  ["/Users/ember/dev/breadstuffs/orb-compiler/Pancake/StageCompile.lean",
   "2cc88545a4c868ae"],
  ["options", "00000000000006bb"],
  ["isModule: false", "feefd2a0d3a1847e"],
  ["Module.name: Pancake.StageCompile", "b87398e56146a600"],
  ["Package.id?: (some orb-compiler)", "0a473b67509a16ae"],
  ["Module.leanArgs: #[]", "00000000000006bb"]],
 "depHash": "47179b15f70fd48d"}