{"synthetic": false,
 "schemaVersion": "2025-09-10",
 "outputs":
 {"o": ["7883426e3b3558b3.olean"],
  "m": false,
  "i": "b4c215cde26b335f.ilean",
  "c": "d25195ce548e5212.c"},
 "log":
 [{"message":
   ".> LEAN_PATH=/Users/ember/dev/breadstuffs/orb-compiler/.lake/build/lib/lean /Users/ember/.elan/toolchains/leanprover--lean4---v4.30.0/bin/lean /Users/ember/dev/breadstuffs/orb-compiler/Pancake/StageProg2.lean -o /Users/ember/dev/breadstuffs/orb-compiler/.lake/build/lib/lean/Pancake/StageProg2.olean -i /Users/ember/dev/breadstuffs/orb-compiler/.lake/build/lib/lean/Pancake/StageProg2.ilean -c /Users/ember/dev/breadstuffs/orb-compiler/.lake/build/ir/Pancake/StageProg2.c --setup /Users/ember/dev/breadstuffs/orb-compiler/.lake/build/ir/Pancake/StageProg2.setup.json --json",
   "level": "trace"},
  {"message":
   "Pancake/StageProg2.lean:1024:0: 'Pancake.StageOnion.runChain_gate_keystone' depends on axioms: [propext]",
   "level": "info"},
  {"message":
   "Pancake/StageProg2.lean:1025:0: 'Pancake.StageOnion.runChain_gate_ignores_handler' depends on axioms: [propext]",
   "level": "info"},
  {"message":
   "Pancake/StageProg2.lean:1026:0: 'Pancake.StageOnion.secHeaders_on_refusal' depends on axioms: [propext]",
   "level": "info"},
  {"message":
   "Pancake/StageProg2.lean:1027:0: 'Pancake.StageOnion.compileR_correct' depends on axioms: [propext, Quot.sound]",
   "level": "info"},
  {"message":
   "Pancake/StageProg2.lean:1028:0: 'Pancake.StageOnion.compileChain_correct' depends on axioms: [propext, Quot.sound]",
   "level": "info"},
  {"message":
   "Pancake/StageProg2.lean:1029:0: 'Pancake.StageOnion.compileChain_closed_correct' depends on axioms: [propext, Quot.sound]",
   "level": "info"},
  {"message":
   "Pancake/StageProg2.lean:1030:0: 'Pancake.StageOnion.compileChain_gate_keystone' depends on axioms: [propext, Quot.sound]",
   "level": "info"},
  {"message":
   "Pancake/StageProg2.lean:1032:0: 'Pancake.StageOnion.denoteR_condStatus_eq' depends on axioms: [propext]",
   "level": "info"},
  {"message":
   "Pancake/StageProg2.lean:1033:0: 'Pancake.StageOnion.denoteR_preserves_status' does not depend on any axioms",
   "level": "info"},
  {"message":
   "Pancake/StageProg2.lean:1034:0: 'Pancake.StageOnion.ofNat64_inj' depends on axioms: [propext]",
   "level": "info"},
  {"message":
   "Pancake/StageProg2.lean:1035:0: 'Pancake.StageOnion.compileR_condStatus_correct' depends on axioms: [propext, Quot.sound]",
   "level": "info"}],
 "inputs":
 [["Pancake.StageProg2:deps",
   [["deps",
     [["«orb-compiler»/Pancake:extraDep",
       [["@«orb-compiler»:extraDep", "00000000000006bb"]]],
      ["imports",
       [["Pancake.StageCompile transitive imports (legacy)",
         "1ff9c60c004f4e5b"],
        ["Pancake.StageCompile:importAllArts", "60822d587f41dbc3"]]]]],
    ["libs",
     [["import dynlibs", "00000000000006bb"],
      ["package external libraries", "00000000000006bb"],
      ["module dynlibs", "00000000000006bb"],
      ["module plugins", "00000000000006bb"]]]]],
  ["Lean 4.30.0, commit d024af099ca4bf2c86f649261ebf59565dc8c622",
   "2f4703bb19086252"],
  ["/Users/ember/dev/breadstuffs/orb-compiler/Pancake/StageProg2.lean",
   "90b4741fe73a07c7"],
  ["options", "00000000000006bb"],
  ["isModule: false", "feefd2a0d3a1847e"],
  ["Module.name: Pancake.StageProg2", "6cfa3e27bc7437b8"],
  ["Package.id?: (some orb-compiler)", "0a473b67509a16ae"],
  ["Module.leanArgs: #[]", "00000000000006bb"]],
 "depHash": "17eced283e4432b0"}