{"synthetic": false,
 "schemaVersion": "2025-09-10",
 "outputs":
 {"o": ["830dc13d8c740ccc.olean"],
  "m": false,
  "i": "2d631d499949c990.ilean",
  "c": "1a9f4c1a75847b00.c"},
 "log":
 [{"message":
   ".> LEAN_PATH=/Users/ember/dev/breadstuffs/orb-compiler/.lake/build/lib/lean /Users/ember/.elan/toolchains/leanprover--lean4---v4.30.0/bin/lean /Users/ember/dev/breadstuffs/orb-compiler/Pancake/StatusLineEmit.lean -o /Users/ember/dev/breadstuffs/orb-compiler/.lake/build/lib/lean/Pancake/StatusLineEmit.olean -i /Users/ember/dev/breadstuffs/orb-compiler/.lake/build/lib/lean/Pancake/StatusLineEmit.ilean -c /Users/ember/dev/breadstuffs/orb-compiler/.lake/build/ir/Pancake/StatusLineEmit.c --setup /Users/ember/dev/breadstuffs/orb-compiler/.lake/build/ir/Pancake/StatusLineEmit.setup.json --json",
   "level": "trace"},
  {"message":
   "Pancake/StatusLineEmit.lean:252:0: 'Pancake.StatusLineEmit.serialize_status_byte' depends on axioms: [propext, Quot.sound]",
   "level": "info"},
  {"message":
   "Pancake/StatusLineEmit.lean:253:0: 'Pancake.StatusLineEmit.statusField_writes_serialize_status' depends on axioms: [propext, Classical.choice, Quot.sound]",
   "level": "info"},
  {"message":
   "Pancake/StatusLineEmit.lean:254:0: 'Pancake.StatusLineEmit.statusField_fires_on_404' depends on axioms: [propext, Classical.choice, Quot.sound]",
   "level": "info"},
  {"message":
   "Pancake/StatusLineEmit.lean:255:0: 'Pancake.StatusLineEmit.statusField_also_renders_200' depends on axioms: [propext, Classical.choice, Quot.sound]",
   "level": "info"}],
 "inputs":
 [["Pancake.StatusLineEmit:deps",
   [["deps",
     [["«orb-compiler»/Pancake:extraDep",
       [["@«orb-compiler»:extraDep", "00000000000006bb"]]],
      ["imports",
       [["Pancake.NatToDecFull transitive imports (legacy)",
         "90326616d3f6f0e9"],
        ["Pancake.NatToDecFull:importAllArts", "9e42f452a766c84c"]]]]],
    ["libs",
     [["import dynlibs", "00000000000006bb"],
      ["package external libraries", "00000000000006bb"],
      ["module dynlibs", "00000000000006bb"],
      ["module plugins", "00000000000006bb"]]]]],
  ["Lean 4.30.0, commit d024af099ca4bf2c86f649261ebf59565dc8c622",
   "2f4703bb19086252"],
  ["/Users/ember/dev/breadstuffs/orb-compiler/Pancake/StatusLineEmit.lean",
   "5d64b26f15b13622"],
  ["options", "00000000000006bb"],
  ["isModule: false", "feefd2a0d3a1847e"],
  ["Module.name: Pancake.StatusLineEmit", "dc980ab727547fc2"],
  ["Package.id?: (some orb-compiler)", "0a473b67509a16ae"],
  ["Module.leanArgs: #[]", "00000000000006bb"]],
 "depHash": "b6d9cf21b20bcfa6"}