{"synthetic": false,
 "schemaVersion": "2025-09-10",
 "outputs":
 {"o": ["12d397a9f63d8ac4.olean"],
  "m": false,
  "i": "e9e59e0bc8f04120.ilean",
  "c": "b0921aa162280b38.c"},
 "log":
 [{"message":
   ".> LEAN_PATH=/Users/ember/dev/breadstuffs/orb-compiler/.lake/build/lib/lean /Users/ember/.elan/toolchains/leanprover--lean4---v4.30.0/bin/lean /Users/ember/dev/breadstuffs/orb-compiler/Pancake/StructEmit.lean -o /Users/ember/dev/breadstuffs/orb-compiler/.lake/build/lib/lean/Pancake/StructEmit.olean -i /Users/ember/dev/breadstuffs/orb-compiler/.lake/build/lib/lean/Pancake/StructEmit.ilean -c /Users/ember/dev/breadstuffs/orb-compiler/.lake/build/ir/Pancake/StructEmit.c --setup /Users/ember/dev/breadstuffs/orb-compiler/.lake/build/ir/Pancake/StructEmit.setup.json --json",
   "level": "trace"},
  {"message":
   "Pancake/StructEmit.lean:531:0: 'Pancake.StructEmit.sem_seq_none' depends on axioms: [propext, Quot.sound]",
   "level": "info"},
  {"message":
   "Pancake/StructEmit.lean:532:0: 'Pancake.StructEmit.storeLitFrom_correct' depends on axioms: [propext, Quot.sound]",
   "level": "info"},
  {"message":
   "Pancake/StructEmit.lean:533:0: 'Pancake.StructEmit.storeLit_membytes' depends on axioms: [propext, Quot.sound]",
   "level": "info"},
  {"message":
   "Pancake/StructEmit.lean:534:0: 'Pancake.StructEmit.storeCount_storeLit' depends on axioms: [propext, Quot.sound]",
   "level": "info"},
  {"message":
   "Pancake/StructEmit.lean:535:0: 'Pancake.StructEmit.serialize_len_split' depends on axioms: [propext]",
   "level": "info"},
  {"message":
   "Pancake/StructEmit.lean:536:0: 'Pancake.StructEmit.respEmit_correct' depends on axioms: [propext, Classical.choice, Quot.sound]",
   "level": "info"},
  {"message":
   "Pancake/StructEmit.lean:537:0: 'Pancake.StructEmit.respEmit_determined' depends on axioms: [propext]",
   "level": "info"},
  {"message":
   "Pancake/StructEmit.lean:538:0: 'Pancake.StructEmit.respEmit_storeCount' depends on axioms: [propext, Quot.sound]",
   "level": "info"},
  {"message":
   "Pancake/StructEmit.lean:539:0: 'Pancake.StructEmit.zero_addr_inj' depends on axioms: [propext, Quot.sound]",
   "level": "info"},
  {"message":
   "Pancake/StructEmit.lean:540:0: 'Pancake.StructEmit.respEmit_fires_on_404' depends on axioms: [propext, Classical.choice, Quot.sound]",
   "level": "info"},
  {"message":
   "Pancake/StructEmit.lean:541:0: 'Pancake.StructEmit.witness_pre_not_response' depends on axioms: [propext, Quot.sound]",
   "level": "info"}],
 "inputs":
 [["Pancake.StructEmit:deps",
   [["deps",
     [["«orb-compiler»/Pancake:extraDep",
       [["@«orb-compiler»:extraDep", "00000000000006bb"]]],
      ["imports",
       [["Pancake.SerializeStruct transitive imports (legacy)",
         "a9f0991de3cb6079"],
        ["Pancake.SerializeStruct:importAllArts", "8e0dff305d27b982"]]]]],
    ["libs",
     [["import dynlibs", "00000000000006bb"],
      ["package external libraries", "00000000000006bb"],
      ["module dynlibs", "00000000000006bb"],
      ["module plugins", "00000000000006bb"]]]]],
  ["Lean 4.30.0, commit d024af099ca4bf2c86f649261ebf59565dc8c622",
   "2f4703bb19086252"],
  ["/Users/ember/dev/breadstuffs/orb-compiler/Pancake/StructEmit.lean",
   "221efb9aac9d57e5"],
  ["options", "00000000000006bb"],
  ["isModule: false", "feefd2a0d3a1847e"],
  ["Module.name: Pancake.StructEmit", "1766e1552c59a13d"],
  ["Package.id?: (some orb-compiler)", "0a473b67509a16ae"],
  ["Module.leanArgs: #[]", "00000000000006bb"]],
 "depHash": "03d4d63ed2e4e745"}