{"synthetic": false,
 "schemaVersion": "2025-09-10",
 "outputs":
 {"o": ["1288e78b9de5e1e0.olean"],
  "m": false,
  "i": "33be0a02abbb0678.ilean",
  "c": "eafbbe0a35355585.c"},
 "log":
 [{"message":
   ".> LEAN_PATH=/Users/ember/dev/breadstuffs/orb-compiler/.lake/build/lib/lean /Users/ember/.elan/toolchains/leanprover--lean4---v4.30.0/bin/lean /Users/ember/dev/breadstuffs/orb-compiler/Pancake/StructModel.lean -o /Users/ember/dev/breadstuffs/orb-compiler/.lake/build/lib/lean/Pancake/StructModel.olean -i /Users/ember/dev/breadstuffs/orb-compiler/.lake/build/lib/lean/Pancake/StructModel.ilean -c /Users/ember/dev/breadstuffs/orb-compiler/.lake/build/ir/Pancake/StructModel.c --setup /Users/ember/dev/breadstuffs/orb-compiler/.lake/build/ir/Pancake/StructModel.setup.json --json",
   "level": "trace"}],
 "inputs":
 [["Pancake.StructModel:deps",
   [["deps",
     [["«orb-compiler»/Pancake:extraDep",
       [["@«orb-compiler»:extraDep", "00000000000006bb"]]],
      ["imports",
       [["Pancake.EmitCorrectClock transitive imports (legacy)",
         "149a59990fb57141"],
        ["Pancake.EmitCorrectClock:importAllArts", "668102422b8d2b8e"]]]]],
    ["libs",
     [["import dynlibs", "00000000000006bb"],
      ["package external libraries", "00000000000006bb"],
      ["module dynlibs", "00000000000006bb"],
      ["module plugins", "00000000000006bb"]]]]],
  ["Lean 4.30.0, commit d024af099ca4bf2c86f649261ebf59565dc8c622",
   "2f4703bb19086252"],
  ["/Users/ember/dev/breadstuffs/orb-compiler/Pancake/StructModel.lean",
   "40b361fc3f8f576a"],
  ["options", "00000000000006bb"],
  ["isModule: false", "feefd2a0d3a1847e"],
  ["Module.name: Pancake.StructModel", "856ac674582a7b48"],
  ["Package.id?: (some orb-compiler)", "0a473b67509a16ae"],
  ["Module.leanArgs: #[]", "00000000000006bb"]],
 "depHash": "fe5f35fc86d5cfa6"}